[22:17:30] [ServerMain/INFO]: [bootstrap] Running Java 25 (OpenJDK 64-Bit Server VM 25.0.1+8-LTS; Microsoft Microsoft-12574222) on Linux 6.8.0-1044-azure (amd64)
[22:17:30] [ServerMain/INFO]: [bootstrap] Loading Paper 1.21.10-129-ver/1.21.10@3e25649 (2025-12-19T23:34:30Z) for Minecraft 1.21.10
[22:17:31] [ServerMain/INFO]: [PluginInitializerManager] Initializing plugins...
[22:17:48] [ServerMain/INFO]: [PluginInitializerManager] Initialized 39 plugins
[22:17:48] [ServerMain/INFO]: [PluginInitializerManager] Paper plugins (1):
 - EconomyShopGUI (6.16.3)
[22:17:48] [ServerMain/INFO]: [PluginInitializerManager] Bukkit plugins (38):
 - Amend (1.8.5--V.1.21.10), ChatFormatter (1.3.5), Citizens (2.0.41-SNAPSHOT (build 4101)), CrackShot (0.98.13), CustomCrafting (4.19.1.0), DecentHolograms (2.9.9), Essentials (2.22.0-dev+57-7775662), EssentialsChat (2.22.0-dev+57-7775662), EssentialsGeoIP (2.21.2), EssentialsProtect (2.21.2), EssentialsSelectors (2.1.0), EssentialsSpawn (2.21.2), FastAsyncWorldEdit (2.15.0+e9aa28d), GSit (3.2.0), GrapplingHook (1.6.5), InteractionVisualizer (1.18.19.0), InteractiveChat (4.3.5.1), LagAssist (2.32.5), LibsDisguises (11.0.14), LuckPerms (5.4.158), Multiverse-Core (5.3.4), Multiverse-Portals (5.1.1), NBTAPI (2.15.5), PlaceholderAPI (2.11.7), PlotSquared (7.5.12-SNAPSHOT), ProtocolLib (5.4.1-SNAPSHOT-5773bcb), Sentinel (2.9.3-SNAPSHOT (build 533)), TAB (5.3.2), TuffX (1.1.0), UltimateModeration (4.7.0), Vault (1.7.3-b131), ViaBackwards (5.7.1), ViaVersion (5.7.1), WolfyUtilities (4.19.1.2), WorldEdit (7.3.18-SNAPSHOT+7281-c1bd8e7), WorldGuard (7.0.15-beta-01+445a1d7), mcMMO (2.0.0-SNAPSHOT), packetevents (2.11.2)
[22:17:52] [ServerMain/INFO]: Environment: Environment[sessionHost=https://sessionserver.mojang.com, servicesHost=https://api.minecraftservices.com, profilesHost=https://api.mojang.com, name=PROD]
[22:17:54] [ServerMain/INFO]: Loaded 1461 recipes
[22:17:54] [ServerMain/INFO]: Loaded 1574 advancements
[22:17:54] [ServerMain/INFO]: [ca.spottedleaf.dataconverter.minecraft.datatypes.MCTypeRegistry] Initialising converters for DataConverter...
[22:17:55] [ServerMain/INFO]: [ca.spottedleaf.dataconverter.minecraft.datatypes.MCTypeRegistry] Finished initialising converters for DataConverter in 373.6ms
[22:17:55] [Server thread/INFO]: Starting minecraft server version 1.21.10
[22:17:55] [Server thread/INFO]: Loading properties
[22:17:55] [Server thread/INFO]: This server is running Paper version 1.21.10-129-ver/1.21.10@3e25649 (2025-12-19T23:34:30Z) (Implementing API version 1.21.10-R0.1-SNAPSHOT)
[22:17:55] [Server thread/INFO]: [spark] This server bundles the spark profiler. For more information please visit https://docs.papermc.io/paper/profiling
[22:17:55] [Server thread/INFO]: Server Ping Player Sample Count: 12
[22:17:55] [Server thread/INFO]: Using 4 threads for Netty based IO
[22:17:56] [Server thread/INFO]: [MoonriseCommon] Paper is using 1 worker threads, 1 I/O threads
[22:17:56] [Server thread/INFO]: Default game type: SURVIVAL
[22:17:56] [Server thread/INFO]: Generating keypair
[22:17:56] [Server thread/INFO]: Starting Minecraft server on *:25565
[22:17:56] [Server thread/INFO]: Using epoll channel type
[22:17:56] [Server thread/INFO]: Paper: Using libdeflate (Linux x86_64) compression from Velocity.
[22:17:56] [Server thread/INFO]: Paper: Using OpenSSL 3.x.x (Linux x86_64) cipher from Velocity.
[22:17:56] [Server thread/ERROR]: [ModernPluginLoadingStrategy] Ambiguous plugin name 'WorldEdit' for files 'plugins/.paper-remapped/worldedit-bukkit-7.3.18-SNAPSHOT-dist.jar' and 'plugins/FastAsyncWorldEdit-Paper-2.15.0.jar' in 'plugins'
[22:17:57] [Server thread/WARN]: [com.viaversion.viaversion.util.Config$CustomSafeConstructor] duplicate keys found : check-for-updates
[22:17:57] [Server thread/ERROR]: [ModernPluginLoadingStrategy] Could not load plugin 'worldedit-bukkit-7.3.18-SNAPSHOT-dist.jar' in folder 'plugins/.paper-remapped'
java.lang.IllegalStateException: Provider SpigotPluginProvider{path=plugins/.paper-remapped/worldedit-bukkit-7.3.18-SNAPSHOT-dist.jar, description=org.bukkit.plugin.PluginDescriptionFile@ca90415, jarFile=worldedit-bukkit-7.3.18-SNAPSHOT-dist.jar@3f1f4d7d, status=null, dependencyContext=null} attempted to add duplicate plugin identifier FastAsyncWorldEdit v2.15.0+e9aa28d THIS WILL CREATE BUGS!!!
	at io.papermc.paper.plugin.storage.ServerPluginProviderStorage$1.applyContext(ServerPluginProviderStorage.java:28) ~[paper-1.21.10.jar:1.21.10-129-3e25649]
	at io.papermc.paper.plugin.entrypoint.strategy.modern.ModernPluginLoadingStrategy.loadProviders(ModernPluginLoadingStrategy.java:113) ~[paper-1.21.10.jar:1.21.10-129-3e25649]
	at io.papermc.paper.plugin.storage.SimpleProviderStorage.enter(SimpleProviderStorage.java:38) ~[paper-1.21.10.jar:1.21.10-129-3e25649]
	at io.papermc.paper.plugin.entrypoint.LaunchEntryPointHandler.enter(LaunchEntryPointHandler.java:39) ~[paper-1.21.10.jar:1.21.10-129-3e25649]
	at org.bukkit.craftbukkit.CraftServer.loadPlugins(CraftServer.java:555) ~[paper-1.21.10.jar:1.21.10-129-3e25649]
	at net.minecraft.server.dedicated.DedicatedServer.initServer(DedicatedServer.java:323) ~[paper-1.21.10.jar:1.21.10-129-3e25649]
	at net.minecraft.server.MinecraftServer.runServer(MinecraftServer.java:1257) ~[paper-1.21.10.jar:1.21.10-129-3e25649]
	at net.minecraft.server.MinecraftServer.lambda$spin$2(MinecraftServer.java:384) ~[paper-1.21.10.jar:1.21.10-129-3e25649]
	at java.base/java.lang.Thread.run(Thread.java:1474) ~[?:?]
[22:17:57] [Server thread/INFO]: [SpigotLibraryLoader] [WolfyUtilities] Loading 3 libraries... please wait
[22:18:00] [Server thread/INFO]: [SpigotLibraryLoader] [WolfyUtilities] Loaded library /workspaces/Void--SMP-1.21.5-Server/server/libraries/com/google/inject/guice/5.1.0/guice-5.1.0.jar
[22:18:00] [Server thread/INFO]: [SpigotLibraryLoader] [WolfyUtilities] Loaded library /workspaces/Void--SMP-1.21.5-Server/server/libraries/javax/inject/javax.inject/1/javax.inject-1.jar
[22:18:00] [Server thread/INFO]: [SpigotLibraryLoader] [WolfyUtilities] Loaded library /workspaces/Void--SMP-1.21.5-Server/server/libraries/aopalliance/aopalliance/1.0/aopalliance-1.0.jar
[22:18:00] [Server thread/INFO]: [SpigotLibraryLoader] [WolfyUtilities] Loaded library /workspaces/Void--SMP-1.21.5-Server/server/libraries/com/google/guava/guava/30.1-jre/guava-30.1-jre.jar
[22:18:00] [Server thread/INFO]: [SpigotLibraryLoader] [WolfyUtilities] Loaded library /workspaces/Void--SMP-1.21.5-Server/server/libraries/com/google/guava/failureaccess/1.0.1/failureaccess-1.0.1.jar
[22:18:00] [Server thread/INFO]: [SpigotLibraryLoader] [WolfyUtilities] Loaded library /workspaces/Void--SMP-1.21.5-Server/server/libraries/com/google/guava/listenablefuture/9999.0-empty-to-avoid-conflict-with-guava/listenablefuture-9999.0-empty-to-avoid-conflict-with-guava.jar
[22:18:00] [Server thread/INFO]: [SpigotLibraryLoader] [WolfyUtilities] Loaded library /workspaces/Void--SMP-1.21.5-Server/server/libraries/com/google/code/findbugs/jsr305/3.0.2/jsr305-3.0.2.jar
[22:18:00] [Server thread/INFO]: [SpigotLibraryLoader] [WolfyUtilities] Loaded library /workspaces/Void--SMP-1.21.5-Server/server/libraries/org/checkerframework/checker-qual/3.5.0/checker-qual-3.5.0.jar
[22:18:00] [Server thread/INFO]: [SpigotLibraryLoader] [WolfyUtilities] Loaded library /workspaces/Void--SMP-1.21.5-Server/server/libraries/com/google/errorprone/error_prone_annotations/2.3.4/error_prone_annotations-2.3.4.jar
[22:18:00] [Server thread/INFO]: [SpigotLibraryLoader] [WolfyUtilities] Loaded library /workspaces/Void--SMP-1.21.5-Server/server/libraries/com/google/j2objc/j2objc-annotations/1.3/j2objc-annotations-1.3.jar
[22:18:00] [Server thread/INFO]: [SpigotLibraryLoader] [WolfyUtilities] Loaded library /workspaces/Void--SMP-1.21.5-Server/server/libraries/org/apache/commons/commons-lang3/3.12.0/commons-lang3-3.12.0.jar
[22:18:00] [Server thread/INFO]: [SpigotLibraryLoader] [WolfyUtilities] Loaded library /workspaces/Void--SMP-1.21.5-Server/server/libraries/it/unimi/dsi/fastutil/8.5.6/fastutil-8.5.6.jar
[22:18:01] [Server thread/INFO]: [me.wolfyscript.lib.org.reflections.Reflections] Reflections took 298 ms to scan 1 urls, producing 916 keys and 3327 values
[22:18:01] [Server thread/INFO]: [WolfyUtilities] Register Default StackIdentifiers
[22:18:01] [Server thread/INFO]: [SpigotLibraryLoader] [Citizens] Loading 4 libraries... please wait
[22:18:03] [Server thread/INFO]: [SpigotLibraryLoader] [Citizens] Loaded library /workspaces/Void--SMP-1.21.5-Server/server/libraries/ch/ethz/globis/phtree/phtree/2.8.2/phtree-2.8.2.jar
[22:18:03] [Server thread/INFO]: [SpigotLibraryLoader] [Citizens] Loaded library /workspaces/Void--SMP-1.21.5-Server/server/libraries/org/joml/joml/1.10.8/joml-1.10.8.jar
[22:18:03] [Server thread/INFO]: [SpigotLibraryLoader] [Citizens] Loaded library /workspaces/Void--SMP-1.21.5-Server/server/libraries/it/unimi/dsi/fastutil/8.5.16/fastutil-8.5.16.jar
[22:18:03] [Server thread/INFO]: [SpigotLibraryLoader] [Citizens] Loaded library /workspaces/Void--SMP-1.21.5-Server/server/libraries/team/unnamed/mocha/3.0.0/mocha-3.0.0.jar
[22:18:03] [Server thread/INFO]: [SpigotLibraryLoader] [Citizens] Loaded library /workspaces/Void--SMP-1.21.5-Server/server/libraries/org/javassist/javassist/3.30.2-GA/javassist-3.30.2-GA.jar
[22:18:03] [Server thread/INFO]: [SpigotLibraryLoader] [Citizens] Loaded library /workspaces/Void--SMP-1.21.5-Server/server/libraries/org/jetbrains/annotations/24.0.1/annotations-24.0.1.jar
[22:18:04] [Server thread/INFO]: [ViaVersion] Loading server plugin ViaVersion v5.7.1
[22:18:04] [Server thread/INFO]: [ViaVersion] ViaVersion 5.7.1 is now loaded. Registering protocol transformers and injecting...
[22:18:05] [Via-Mappingloader-1/INFO]: [ViaVersion] Loading block connection mappings ...
[22:18:05] [Via-Mappingloader-1/INFO]: [ViaVersion] Using FastUtil Long2ObjectOpenHashMap for block connections
[22:18:05] [Server thread/INFO]: [ViaBackwards] Loading translations...
[22:18:05] [Server thread/INFO]: [ViaBackwards] Registering protocols...
[22:18:05] [Server thread/INFO]: [LuckPerms] Loading server plugin LuckPerms v5.4.158
[22:18:06] [Server thread/INFO]: [Vault] Loading server plugin Vault v1.7.3-b131
[22:18:06] [Server thread/INFO]: [FastAsyncWorldEdit] Loading server plugin FastAsyncWorldEdit v2.15.0+e9aa28d
[22:18:07] [Server thread/INFO]: Got request to register class com.sk89q.worldedit.bukkit.BukkitServerInterface with WorldEdit [com.sk89q.worldedit.extension.platform.PlatformManager@7c9a09]
[22:18:07] [Server thread/INFO]: [PlaceholderAPI] Loading server plugin PlaceholderAPI v2.11.7
[22:18:07] [Server thread/INFO]: [Essentials] Loading server plugin Essentials v2.22.0-dev+57-7775662
[22:18:07] [Server thread/INFO]: [ProtocolLib] Loading server plugin ProtocolLib v5.4.1-SNAPSHOT-5773bcb
[22:18:07] [Server thread/WARN]: [ProtocolLib] Version (MC: 1.21.10) has not yet been tested! Proceed with caution.
[22:18:07] [Server thread/INFO]: [ViaBackwards] Loading server plugin ViaBackwards v5.7.1
[22:18:07] [Server thread/INFO]: [mcMMO] Loading server plugin mcMMO v2.0.0-SNAPSHOT
[22:18:07] [Server thread/INFO]: [WorldGuard] Loading server plugin WorldGuard v7.0.15-beta-01+445a1d7
[22:18:07] [Server thread/INFO]: [PlotSquared] Loading server plugin PlotSquared v7.5.12-SNAPSHOT
[22:18:07] [Server thread/INFO]: [packetevents] Loading server plugin packetevents v2.11.2
[22:18:09] [Server thread/INFO]: [EssentialsChat] Loading server plugin EssentialsChat v2.22.0-dev+57-7775662
[22:18:09] [Server thread/INFO]: [WolfyUtilities] Loading server plugin WolfyUtilities v4.19.1.2
[22:18:09] [Server thread/INFO]: [WolfyUtilities] Register JSON de-/serializers
[22:18:09] [Server thread/INFO]: [WolfyUtilities] Register JSON Operators
[22:18:09] [Server thread/INFO]: [WolfyUtilities] Register JSON Value Providers
[22:18:09] [Server thread/INFO]: [WolfyUtilities] Register CustomItem NBT Checks
[22:18:09] [Server thread/INFO]: [WolfyUtilities] Register CustomItem Actions
[22:18:09] [Server thread/INFO]: [WolfyUtilities] Register CustomItem Events
[22:18:09] [Server thread/INFO]: [WolfyUtilities] Register Particle Animators
[22:18:09] [Server thread/INFO]: [WolfyUtilities] Register Particle Shapes
[22:18:09] [Server thread/INFO]: [WolfyUtilities] Register Particle Timers
[22:18:09] [Server thread/INFO]: [WolfyUtilities] Register Custom Block Data
[22:18:09] [Server thread/INFO]: [WolfyUtilities] Register Custom Player Data
[22:18:09] [Server thread/INFO]: [WolfyUtilities] Register NBT Query Nodes
[22:18:09] [Server thread/INFO]: [CrackShot] Loading server plugin CrackShot v0.98.13
[22:18:09] [Server thread/INFO]: [Citizens] Loading server plugin Citizens v2.0.41-SNAPSHOT (build 4101)
[22:18:09] [Server thread/INFO]: [CoreLogging] Loading server plugin Multiverse-Core v5.3.4
[22:18:09] [Server thread/INFO]: [LibsDisguises] Loading server plugin LibsDisguises v11.0.14
[22:18:09] [Server thread/INFO]: [EconomyShopGUI] Loading server plugin EconomyShopGUI v6.16.3
[22:18:09] [Server thread/INFO]: [Amend] Loading server plugin Amend v1.8.5--V.1.21.10
[22:18:09] [Server thread/INFO]: [EssentialsSelectors] Loading server plugin EssentialsSelectors v2.1.0
[22:18:09] [Server thread/INFO]: [CustomCrafting] Loading server plugin CustomCrafting v4.19.1.0
[22:18:09] [Server thread/INFO]: [CustomCrafting] WolfyUtils API: v4.19.1.2
[22:18:09] [Server thread/INFO]: [CustomCrafting] CustomCrafting: v4.19.1.0
[22:18:09] [Server thread/INFO]: [CustomCrafting] Environment   : PROD
[22:18:09] [Server thread/INFO]: [CustomCrafting] Registering CustomItem Data
[22:18:09] [Server thread/INFO]: [CustomCrafting] Registering Custom Block Data
[22:18:10] [Server thread/INFO]: [CustomCrafting] Registering Player Data
[22:18:10] [Server thread/INFO]: [CustomCrafting] Registering Result Extensions
[22:18:10] [Server thread/INFO]: [CustomCrafting] Registering Result Merge Adapters
[22:18:10] [Server thread/INFO]: [CustomCrafting] Registering Recipe Conditions
[22:18:10] [Server thread/INFO]: [CustomCrafting] Registering Recipe Types
[22:18:10] [Server thread/INFO]: [CustomCrafting] Registering Anvil Recipe Tasks
[22:18:10] [Server thread/INFO]: [CustomCrafting] Registering Type Registries
[22:18:10] [Server thread/INFO]: [UltimateModeration] Loading server plugin UltimateModeration v4.7.0
[22:18:10] [Server thread/INFO]: [com.songoda.ultimatemoderation.core.CoreLogger] [UltimateModeration] [SongodaCore] Loading dependency org.jooq:jooq:3.14.16 from https://repo1.maven.org/maven2
[22:18:10] [Server thread/INFO]: [com.songoda.ultimatemoderation.core.CoreLogger] [UltimateModeration] [SongodaCore] Loaded dependency 'jooq-3.14.16' successfully.
[22:18:10] [Server thread/INFO]: [com.songoda.ultimatemoderation.core.CoreLogger] [UltimateModeration] [SongodaCore] ----------------------------
[22:18:10] [Server thread/INFO]: [com.songoda.ultimatemoderation.core.CoreLogger] [UltimateModeration] [SongodaCore] Loading dependency com.h2database:h2:1.4.200 from https://repo1.maven.org/maven2
[22:18:10] [Server thread/INFO]: [com.songoda.ultimatemoderation.core.CoreLogger] [UltimateModeration] [SongodaCore] Loaded dependency 'h2-1.4.200' successfully.
[22:18:10] [Server thread/INFO]: [com.songoda.ultimatemoderation.core.CoreLogger] [UltimateModeration] [SongodaCore] ----------------------------
[22:18:10] [Server thread/INFO]: [com.songoda.ultimatemoderation.core.CoreLogger] [UltimateModeration] [SongodaCore] Loading dependency org.slf4j:slf4j-api:2.0.11 from https://repo1.maven.org/maven2
[22:18:10] [Server thread/INFO]: [com.songoda.ultimatemoderation.core.CoreLogger] [UltimateModeration] [SongodaCore] Loaded dependency 'slf4j-api-2.0.11' successfully.
[22:18:10] [Server thread/INFO]: [com.songoda.ultimatemoderation.core.CoreLogger] [UltimateModeration] [SongodaCore] ----------------------------
[22:18:10] [Server thread/INFO]: [com.songoda.ultimatemoderation.core.CoreLogger] [UltimateModeration] [SongodaCore] Loading dependency org.reactivestreams:reactive-streams:1.0.2 from https://repo1.maven.org/maven2
[22:18:10] [Server thread/INFO]: [com.songoda.ultimatemoderation.core.CoreLogger] [UltimateModeration] [SongodaCore] Loaded dependency 'reactive-streams-1.0.2' successfully.
[22:18:10] [Server thread/INFO]: [com.songoda.ultimatemoderation.core.CoreLogger] [UltimateModeration] [SongodaCore] ----------------------------
[22:18:10] [Server thread/INFO]: [com.songoda.ultimatemoderation.core.CoreLogger] [UltimateModeration] [SongodaCore] Loading dependency org.apache.commons:commons-lang3:3.14.0 from https://repo1.maven.org/maven2
[22:18:10] [Server thread/INFO]: [com.songoda.ultimatemoderation.core.CoreLogger] [UltimateModeration] [SongodaCore] Loaded dependency 'commons-lang3-3.14.0' successfully.
[22:18:10] [Server thread/INFO]: [com.songoda.ultimatemoderation.core.CoreLogger] [UltimateModeration] [SongodaCore] ----------------------------
[22:18:10] [Server thread/INFO]: [com.songoda.ultimatemoderation.core.CoreLogger] [UltimateModeration] [SongodaCore] Loading dependency org.mariadb.jdbc:mariadb-java-client:3.2.0 from https://repo1.maven.org/maven2
[22:18:10] [Server thread/INFO]: [com.songoda.ultimatemoderation.core.CoreLogger] [UltimateModeration] [SongodaCore] Loaded dependency 'mariadb-java-client-3.2.0' successfully.
[22:18:10] [Server thread/INFO]: [com.songoda.ultimatemoderation.core.CoreLogger] [UltimateModeration] [SongodaCore] ----------------------------
[22:18:10] [Server thread/INFO]: [com.songoda.ultimatemoderation.core.CoreLogger] [UltimateModeration] [SongodaCore] Loading dependency com.github.cryptomorin:XSeries:13.6.0 from https://repo1.maven.org/maven2
[22:18:10] [Server thread/INFO]: [com.songoda.ultimatemoderation.core.CoreLogger] [UltimateModeration] [SongodaCore] Loaded dependency 'XSeries-13.6.0' successfully.
[22:18:10] [Server thread/INFO]: [com.songoda.ultimatemoderation.core.CoreLogger] [UltimateModeration] [SongodaCore] ----------------------------
[22:18:10] [Server thread/INFO]: [com.songoda.ultimatemoderation.core.CoreLogger] [UltimateModeration] [SongodaCore] Loading dependency org.apache.commons:commons-text:1.12.0 from https://repo1.maven.org/maven2
[22:18:10] [Server thread/INFO]: [com.songoda.ultimatemoderation.core.CoreLogger] [UltimateModeration] [SongodaCore] Loaded dependency 'commons-text-1.12.0' successfully.
[22:18:10] [Server thread/INFO]: [com.songoda.ultimatemoderation.core.CoreLogger] [UltimateModeration] [SongodaCore] ----------------------------
[22:18:10] [Server thread/INFO]: [com.songoda.ultimatemoderation.core.CoreLogger] [UltimateModeration] [SongodaCore] Loading dependency com.zaxxer:HikariCP:4.0.3 from https://repo1.maven.org/maven2
[22:18:10] [Server thread/INFO]: [com.songoda.ultimatemoderation.core.CoreLogger] [UltimateModeration] [SongodaCore] Loaded dependency 'HikariCP-4.0.3' successfully.
[22:18:10] [Server thread/INFO]: [com.songoda.ultimatemoderation.core.CoreLogger] [UltimateModeration] [SongodaCore] ----------------------------
[22:18:10] [Server thread/INFO]: [Sentinel] Loading server plugin Sentinel v2.9.3-SNAPSHOT (build 533)
[22:18:10] [Server thread/INFO]: [EssentialsProtect] Loading server plugin EssentialsProtect v2.21.2
[22:18:10] [Server thread/INFO]: [ChatFormatter] Loading server plugin ChatFormatter v1.3.5
[22:18:10] [Server thread/INFO]: [Multiverse-Portals] Loading server plugin Multiverse-Portals v5.1.1
[22:18:10] [Server thread/INFO]: [GSit] Loading server plugin GSit v3.2.0
[22:18:10] [Server thread/INFO]: [TuffX] Loading server plugin TuffX v1.1.0
[22:18:10] [Server thread/INFO]: [EssentialsGeoIP] Loading server plugin EssentialsGeoIP v2.21.2
[22:18:10] [Server thread/INFO]: [EssentialsSpawn] Loading server plugin EssentialsSpawn v2.21.2
[22:18:10] [Server thread/INFO]: [InteractiveChat] Loading server plugin InteractiveChat v4.3.5.1
[22:18:10] [Server thread/INFO]: [GrapplingHook] Loading server plugin GrapplingHook v1.6.5
[22:18:10] [Server thread/INFO]: [TAB] Loading server plugin TAB v5.3.2
[22:18:10] [Server thread/INFO]: [InteractionVisualizer] Loading server plugin InteractionVisualizer v1.18.19.0
[22:18:10] [Server thread/INFO]: [DecentHolograms] Loading server plugin DecentHolograms v2.9.9
[22:18:10] [Server thread/INFO]: [LagAssist] Loading server plugin LagAssist v2.32.5
[22:18:10] [Server thread/INFO]: Server permissions file permissions.yml is empty, ignoring it
[22:18:10] [Server thread/INFO]: [LuckPerms] Enabling LuckPerms v5.4.158
[22:18:10] [Server thread/INFO]:         __    
[22:18:10] [Server thread/INFO]:   |    |__)   LuckPerms v5.4.158
[22:18:10] [Server thread/INFO]:   |___ |      Running on Bukkit - Paper
[22:18:10] [Server thread/INFO]: 
[22:18:10] [Server thread/INFO]: [LuckPerms] Loading configuration...
[22:18:11] [Server thread/INFO]: [LuckPerms] Loading storage provider... [H2]
[22:18:11] [Server thread/INFO]: [LuckPerms] Loading internal permission managers...
[22:18:12] [Server thread/INFO]: [LuckPerms] Performing initial data load...
[22:18:12] [Server thread/INFO]: [LuckPerms] Successfully enabled. (took 1841ms)
[22:18:12] [Server thread/INFO]: [Vault] Enabling Vault v1.7.3-b131
[22:18:12] [Server thread/INFO]: [Vault] [Economy] Essentials Economy found: Waiting
[22:18:12] [Server thread/INFO]: [Vault] [Permission] SuperPermissions loaded as backup permission system.
[22:18:12] [Server thread/INFO]: [Vault] Enabled Version 1.7.3-b131
[22:18:12] [Server thread/INFO]: [LuckPerms] Registered Vault permission & chat hook.
[22:18:12] [Server thread/INFO]: [FastAsyncWorldEdit] Enabling FastAsyncWorldEdit v2.15.0+e9aa28d
[22:18:12] [Server thread/INFO]: [com.fastasyncworldedit.core.Fawe] LZ4 Compression Binding loaded successfully
[22:18:12] [Server thread/INFO]: [com.fastasyncworldedit.core.Fawe] ZSTD Compression Binding loaded successfully
[22:18:12] [Server thread/INFO]: Registering commands with com.sk89q.worldedit.bukkit.BukkitServerInterface
[22:18:12] [Server thread/INFO]: WEPIF: Vault detected! Using Vault for permissions
[22:18:12] [Server thread/INFO]: Using com.sk89q.worldedit.bukkit.adapter.impl.fawe.v1_21_9.PaperweightFaweAdapter as the Bukkit adapter
[22:18:13] [Server thread/INFO]: [ProtocolLib] Enabling ProtocolLib v5.4.1-SNAPSHOT-5773bcb
[22:18:13] [Server thread/INFO]: [mcMMO] Enabling mcMMO v2.0.0-SNAPSHOT
[22:18:13] [Server thread/WARN]: [mcMMO] Failed to load Alchemy potion: POTION_OF_EMPTY
[22:18:13] [Server thread/WARN]: [mcMMO] Failed to load Alchemy potion: POTION_OF_WATER_UNCRAFTABLE
[22:18:13] [Server thread/WARN]: [mcMMO] Failed to load Alchemy potion: POTION_OF_ABSORPTION
[22:18:13] [Server thread/WARN]: [mcMMO] Failed to load Alchemy potion: POTION_OF_BLINDNESS
[22:18:13] [Server thread/WARN]: [mcMMO] Failed to load Alchemy potion: POTION_OF_DECAY
[22:18:13] [Server thread/WARN]: [mcMMO] Failed to load Alchemy potion: POTION_OF_DULLNESS
[22:18:13] [Server thread/WARN]: [mcMMO] Failed to load Alchemy potion: POTION_OF_HASTE
[22:18:13] [Server thread/WARN]: [mcMMO] Failed to load Alchemy potion: POTION_OF_HEALTH_BOOST
[22:18:13] [Server thread/WARN]: [mcMMO] Failed to load Alchemy potion: POTION_OF_HUNGER
[22:18:13] [Server thread/WARN]: [mcMMO] Failed to load Alchemy potion: POTION_OF_NAUSEA
[22:18:13] [Server thread/WARN]: [mcMMO] Failed to load Alchemy potion: POTION_OF_RESISTANCE
[22:18:13] [Server thread/WARN]: [mcMMO] Failed to load Alchemy potion: POTION_OF_SATURATION
[22:18:13] [Server thread/WARN]: [mcMMO] Failed to load Alchemy potion: POTION_OF_ABSORPTION_EXTENDED
[22:18:13] [Server thread/WARN]: [mcMMO] Failed to load Alchemy potion: POTION_OF_BLINDNESS_EXTENDED
[22:18:13] [Server thread/WARN]: [mcMMO] Failed to load Alchemy potion: POTION_OF_DECAY_EXTENDED
[22:18:13] [Server thread/WARN]: [mcMMO] Failed to load Alchemy potion: POTION_OF_DULLNESS_EXTENDED
[22:18:13] [Server thread/WARN]: [mcMMO] Failed to load Alchemy potion: POTION_OF_HASTE_EXTENDED
[22:18:13] [Server thread/WARN]: [mcMMO] Failed to load Alchemy potion: POTION_OF_HEALTH_BOOST_EXTENDED
[22:18:13] [Server thread/WARN]: [mcMMO] Failed to load Alchemy potion: POTION_OF_HUNGER_EXTENDED
[22:18:13] [Server thread/WARN]: [mcMMO] Failed to load Alchemy potion: POTION_OF_NAUSEA_EXTENDED
[22:18:13] [Server thread/WARN]: [mcMMO] Failed to load Alchemy potion: POTION_OF_RESISTANCE_EXTENDED
[22:18:13] [Server thread/WARN]: [mcMMO] Failed to load Alchemy potion: POTION_OF_SATURATION_EXTENDED
[22:18:13] [Server thread/WARN]: [mcMMO] Failed to load Alchemy potion: POTION_OF_ABSORPTION_II
[22:18:13] [Server thread/WARN]: [mcMMO] Failed to load Alchemy potion: POTION_OF_BLINDNESS_II
[22:18:13] [Server thread/WARN]: [mcMMO] Failed to load Alchemy potion: POTION_OF_DECAY_II
[22:18:13] [Server thread/WARN]: [mcMMO] Failed to load Alchemy potion: POTION_OF_DULLNESS_II
[22:18:13] [Server thread/WARN]: [mcMMO] Failed to load Alchemy potion: POTION_OF_HASTE_II
[22:18:13] [Server thread/WARN]: [mcMMO] Failed to load Alchemy potion: POTION_OF_HEALTH_BOOST_II
[22:18:13] [Server thread/WARN]: [mcMMO] Failed to load Alchemy potion: POTION_OF_HUNGER_II
[22:18:13] [Server thread/WARN]: [mcMMO] Failed to load Alchemy potion: POTION_OF_NAUSEA_II
[22:18:13] [Server thread/WARN]: [mcMMO] Failed to load Alchemy potion: POTION_OF_RESISTANCE_II
[22:18:13] [Server thread/WARN]: [mcMMO] Failed to load Alchemy potion: POTION_OF_SATURATION_II
[22:18:13] [Server thread/WARN]: [mcMMO] Failed to load Alchemy potion: SPLASH_POTION_OF_EMPTY
[22:18:13] [Server thread/WARN]: [mcMMO] Failed to load Alchemy potion: SPLASH_POTION_OF_ABSORPTION
[22:18:13] [Server thread/WARN]: [mcMMO] Failed to load Alchemy potion: SPLASH_POTION_OF_BLINDNESS
[22:18:13] [Server thread/WARN]: [mcMMO] Failed to load Alchemy potion: SPLASH_POTION_OF_DECAY
[22:18:13] [Server thread/WARN]: [mcMMO] Failed to load Alchemy potion: SPLASH_POTION_OF_DULLNESS
[22:18:13] [Server thread/WARN]: [mcMMO] Failed to load Alchemy potion: SPLASH_POTION_OF_HASTE
[22:18:13] [Server thread/WARN]: [mcMMO] Failed to load Alchemy potion: SPLASH_POTION_OF_HEALTH_BOOST
[22:18:13] [Server thread/WARN]: [mcMMO] Failed to load Alchemy potion: SPLASH_POTION_OF_HUNGER
[22:18:13] [Server thread/WARN]: [mcMMO] Failed to load Alchemy potion: SPLASH_POTION_OF_NAUSEA
[22:18:13] [Server thread/WARN]: [mcMMO] Failed to load Alchemy potion: SPLASH_POTION_OF_RESISTANCE
[22:18:13] [Server thread/WARN]: [mcMMO] Failed to load Alchemy potion: SPLASH_POTION_OF_SATURATION
[22:18:13] [Server thread/WARN]: [mcMMO] Failed to load Alchemy potion: SPLASH_POTION_OF_ABSORPTION_EXTENDED
[22:18:13] [Server thread/WARN]: [mcMMO] Failed to load Alchemy potion: SPLASH_POTION_OF_BLINDNESS_EXTENDED
[22:18:13] [Server thread/WARN]: [mcMMO] Failed to load Alchemy potion: SPLASH_POTION_OF_DECAY_EXTENDED
[22:18:13] [Server thread/WARN]: [mcMMO] Failed to load Alchemy potion: SPLASH_POTION_OF_DULLNESS_EXTENDED
[22:18:13] [Server thread/WARN]: [mcMMO] Failed to load Alchemy potion: SPLASH_POTION_OF_HASTE_EXTENDED
[22:18:13] [Server thread/WARN]: [mcMMO] Failed to load Alchemy potion: SPLASH_POTION_OF_HEALTH_BOOST_EXTENDED
[22:18:13] [Server thread/WARN]: [mcMMO] Failed to load Alchemy potion: SPLASH_POTION_OF_HUNGER_EXTENDED
[22:18:13] [Server thread/WARN]: [mcMMO] Failed to load Alchemy potion: SPLASH_POTION_OF_NAUSEA_EXTENDED
[22:18:13] [Server thread/WARN]: [mcMMO] Failed to load Alchemy potion: SPLASH_POTION_OF_RESISTANCE_EXTENDED
[22:18:13] [Server thread/WARN]: [mcMMO] Failed to load Alchemy potion: SPLASH_POTION_OF_SATURATION_EXTENDED
[22:18:13] [Server thread/WARN]: [mcMMO] Failed to load Alchemy potion: SPLASH_POTION_OF_ABSORPTION_II
[22:18:13] [Server thread/WARN]: [mcMMO] Failed to load Alchemy potion: SPLASH_POTION_OF_BLINDNESS_II
[22:18:13] [Server thread/WARN]: [mcMMO] Failed to load Alchemy potion: SPLASH_POTION_OF_DECAY_II
[22:18:13] [Server thread/WARN]: [mcMMO] Failed to load Alchemy potion: SPLASH_POTION_OF_DULLNESS_II
[22:18:13] [Server thread/WARN]: [mcMMO] Failed to load Alchemy potion: SPLASH_POTION_OF_HASTE_II
[22:18:13] [Server thread/WARN]: [mcMMO] Failed to load Alchemy potion: SPLASH_POTION_OF_HEALTH_BOOST_II
[22:18:13] [Server thread/WARN]: [mcMMO] Failed to load Alchemy potion: SPLASH_POTION_OF_HUNGER_II
[22:18:13] [Server thread/WARN]: [mcMMO] Failed to load Alchemy potion: SPLASH_POTION_OF_NAUSEA_II
[22:18:13] [Server thread/WARN]: [mcMMO] Failed to load Alchemy potion: SPLASH_POTION_OF_RESISTANCE_II
[22:18:13] [Server thread/WARN]: [mcMMO] Failed to load Alchemy potion: SPLASH_POTION_OF_SATURATION_II
[22:18:13] [Server thread/WARN]: [mcMMO] Failed to load Alchemy potion: LINGERING_POTION_OF_EMPTY
[22:18:13] [Server thread/WARN]: [mcMMO] Failed to load Alchemy potion: LINGERING_POTION_OF_ABSORPTION
[22:18:13] [Server thread/WARN]: [mcMMO] Failed to load Alchemy potion: LINGERING_POTION_OF_BLINDNESS
[22:18:13] [Server thread/WARN]: [mcMMO] Failed to load Alchemy potion: LINGERING_POTION_OF_DECAY
[22:18:13] [Server thread/WARN]: [mcMMO] Failed to load Alchemy potion: LINGERING_POTION_OF_DULLNESS
[22:18:13] [Server thread/WARN]: [mcMMO] Failed to load Alchemy potion: LINGERING_POTION_OF_HASTE
[22:18:13] [Server thread/WARN]: [mcMMO] Failed to load Alchemy potion: LINGERING_POTION_OF_HEALTH_BOOST
[22:18:13] [Server thread/WARN]: [mcMMO] Failed to load Alchemy potion: LINGERING_POTION_OF_HUNGER
[22:18:13] [Server thread/WARN]: [mcMMO] Failed to load Alchemy potion: LINGERING_POTION_OF_NAUSEA
[22:18:13] [Server thread/WARN]: [mcMMO] Failed to load Alchemy potion: LINGERING_POTION_OF_RESISTANCE
[22:18:13] [Server thread/WARN]: [mcMMO] Failed to load Alchemy potion: LINGERING_POTION_OF_SATURATION
[22:18:13] [Server thread/WARN]: [mcMMO] Failed to load Alchemy potion: LINGERING_POTION_OF_ABSORPTION_EXTENDED
[22:18:13] [Server thread/WARN]: [mcMMO] Failed to load Alchemy potion: LINGERING_POTION_OF_BLINDNESS_EXTENDED
[22:18:13] [Server thread/WARN]: [mcMMO] Failed to load Alchemy potion: LINGERING_POTION_OF_DECAY_EXTENDED
[22:18:13] [Server thread/WARN]: [mcMMO] Failed to load Alchemy potion: LINGERING_POTION_OF_DULLNESS_EXTENDED
[22:18:13] [Server thread/WARN]: [mcMMO] Failed to load Alchemy potion: LINGERING_POTION_OF_HASTE_EXTENDED
[22:18:13] [Server thread/WARN]: [mcMMO] Failed to load Alchemy potion: LINGERING_POTION_OF_HEALTH_BOOST_EXTENDED
[22:18:13] [Server thread/WARN]: [mcMMO] Failed to load Alchemy potion: LINGERING_POTION_OF_HUNGER_EXTENDED
[22:18:13] [Server thread/WARN]: [mcMMO] Failed to load Alchemy potion: LINGERING_POTION_OF_NAUSEA_EXTENDED
[22:18:13] [Server thread/WARN]: [mcMMO] Failed to load Alchemy potion: LINGERING_POTION_OF_RESISTANCE_EXTENDED
[22:18:13] [Server thread/WARN]: [mcMMO] Failed to load Alchemy potion: LINGERING_POTION_OF_SATURATION_EXTENDED
[22:18:13] [Server thread/WARN]: [mcMMO] Failed to load Alchemy potion: LINGERING_POTION_OF_ABSORPTION_II
[22:18:13] [Server thread/WARN]: [mcMMO] Failed to load Alchemy potion: LINGERING_POTION_OF_BLINDNESS_II
[22:18:13] [Server thread/WARN]: [mcMMO] Failed to load Alchemy potion: LINGERING_POTION_OF_DECAY_II
[22:18:13] [Server thread/WARN]: [mcMMO] Failed to load Alchemy potion: LINGERING_POTION_OF_DULLNESS_II
[22:18:13] [Server thread/WARN]: [mcMMO] Failed to load Alchemy potion: LINGERING_POTION_OF_HASTE_II
[22:18:13] [Server thread/WARN]: [mcMMO] Failed to load Alchemy potion: LINGERING_POTION_OF_HEALTH_BOOST_II
[22:18:13] [Server thread/WARN]: [mcMMO] Failed to load Alchemy potion: LINGERING_POTION_OF_HUNGER_II
[22:18:13] [Server thread/WARN]: [mcMMO] Failed to load Alchemy potion: LINGERING_POTION_OF_NAUSEA_II
[22:18:13] [Server thread/WARN]: [mcMMO] Failed to load Alchemy potion: LINGERING_POTION_OF_RESISTANCE_II
[22:18:13] [Server thread/WARN]: [mcMMO] Failed to load Alchemy potion: LINGERING_POTION_OF_SATURATION_II
[22:18:14] [Server thread/INFO]: [PlotSquared] Enabling PlotSquared v7.5.12-SNAPSHOT
[22:18:14] [Server thread/INFO]: [PlotSquared/PlotSquared] Loaded caption map for namespace 'plotsquared': com.plotsquared.core.configuration.caption.LocalizedCaptionMap
[22:18:14] [Server thread/INFO]: [PlotSquared/PlotSquared] Key: plot-expiry | Value: false
[22:18:14] [Server thread/INFO]: [PlotSquared/PlotSquared] Key: worlds | Value: false
[22:18:14] [Server thread/INFO]: [PlotSquared/PlotSquared] Key: kill-named-road-mobs | Value: false
[22:18:14] [Server thread/INFO]: [PlotSquared/PlotSquared] Key: per-user-locale | Value: false
[22:18:14] [Server thread/INFO]: [PlotSquared/PlotSquared] Key: worldedit-restrictions | Value: true
[22:18:14] [Server thread/INFO]: [PlotSquared/PlotSquared] Key: external-placeholders | Value: true
[22:18:14] [Server thread/INFO]: [PlotSquared/PlotSquared] Key: kill-owned-road-mobs | Value: false
[22:18:14] [Server thread/INFO]: [PlotSquared/PlotSquared] Key: disable-beacon-effect-overflow | Value: true
[22:18:14] [Server thread/INFO]: [PlotSquared/PlotSquared] Key: database | Value: true
[22:18:14] [Server thread/INFO]: [PlotSquared/PlotSquared] Key: component-presets | Value: true
[22:18:14] [Server thread/INFO]: [PlotSquared/PlotSquared] Key: chunk-processor | Value: false
[22:18:14] [Server thread/INFO]: [PlotSquared/PlotSquared] Key: extended-username-completion | Value: true
[22:18:14] [Server thread/INFO]: [PlotSquared/PlotSquared] Key: events | Value: true
[22:18:14] [Server thread/INFO]: [PlotSquared/PlotSquared] Key: commands | Value: true
[22:18:14] [Server thread/INFO]: [PlotSquared/PlotSquared] Key: kill-road-mobs | Value: false
[22:18:14] [Server thread/INFO]: [PlotSquared/PlotSquared] Key: kill-road-items | Value: false
[22:18:14] [Server thread/INFO]: [PlotSquared/PlotSquared] Key: database-purger | Value: false
[22:18:14] [Server thread/INFO]: [PlotSquared/PlotSquared] Key: economy | Value: false
[22:18:14] [Server thread/INFO]: [PlotSquared/PlotSquared] Key: persistent-road-regen | Value: true
[22:18:14] [Server thread/INFO]: [PlotSquared/PlotSquared] Key: kill-road-vehicles | Value: false
[22:18:14] [Server thread/INFO]: [PlotSquared/PlotSquared] Key: default-locale | Value: en
[22:18:14] [Server thread/INFO]: [PlotSquared/PlotSquared] Key: use-mvdwapi | Value: true
[22:18:14] [Server thread/INFO]: [PlotSquared/PlotSquared] Key: persistent-meta | Value: true
[22:18:14] [Server thread/INFO]: [PlotSquared/PlotSquared] Key: tab-completed-aliases | Value: [plot, plots, p, plotsquared, plot2, p2, ps, 2, plotme, plotz, ap]
[22:18:14] [Server thread/INFO]: [PlotSquared/PlotSquared] Key: ban-deleter | Value: false
[22:18:14] [Server thread/INFO]: [PlotSquared/PlotSquared] Key: update-notifications | Value: true
[22:18:14] [Server thread/INFO]: [PlotSquared/PlotSquared] Key: rating-cache | Value: true
[22:18:14] [Server thread/INFO]: [PlotSquared/PlotSquared] Key: comment-notifier | Value: true
[22:18:15] [Server thread/INFO]: [PlotSquared/BukkitPlatform] Couldn't verify purchase :(
[22:18:15] [Server thread/INFO]: [PlotSquared/PlotSquared] Connection to database established. Type: SQLite
[22:18:15] [Server thread/INFO]: [PlotSquared/BukkitPlatform] PlotSquared hooked into WorldEdit
[22:18:15] [Server thread/INFO]: [PlotSquared/BukkitPlatform] (UUID) Using LuckPerms as a complementary UUID service
[22:18:15] [Server thread/INFO]: [PlotSquared/BukkitPlatform] (UUID) Using EssentialsX as a complementary UUID service
[22:18:15] [Server thread/INFO]: [PlotSquared/BukkitPlatform] (UUID) 9 UUIDs will be cached
[22:18:15] [Server thread/INFO]: [PlaceholderAPI] Successfully registered internal expansion: plotsquared [3]
[22:18:15] [Server thread/INFO]: [PlotSquared/BukkitPlatform] PlotSquared hooked into PlaceholderAPI
[22:18:15] [Server thread/INFO]: [WolfyUtilities] Enabling WolfyUtilities v4.19.1.2
[22:18:15] [Server thread/INFO]: [WolfyUtilities] Minecraft version: 1.21.10
[22:18:15] [Server thread/INFO]: [WolfyUtilities] WolfyUtils version: 4.19.1.2
[22:18:15] [Server thread/INFO]: [WolfyUtilities] Environment: PROD
[22:18:15] [Server thread/INFO]: [WolfyUtilities] Loading Plugin integrations: 
[22:18:15] [Server thread/INFO]: [WolfyUtilities]  - PlaceholderAPI
[22:18:15] [Server thread/INFO]: [WolfyUtilities] Create & Init Plugin integrations: 
[22:18:15] [Server thread/INFO]: [WolfyUtilities] Register API references
[22:18:15] [Server thread/INFO]: [WolfyUtilities] Loading Creative Mode Tabs
[22:18:16] [Server thread/WARN]: **** SERVER IS RUNNING IN OFFLINE/INSECURE MODE!
[22:18:16] [Server thread/WARN]: The server will make no attempt to authenticate usernames. Beware.
[22:18:16] [Server thread/WARN]: Whilst this makes it possible to use BungeeCord, unless access to your server is properly restricted, it also opens up the ability for hackers to connect with any username they choose.
[22:18:16] [Server thread/WARN]: Please see http://www.spigotmc.org/wiki/firewall-guide/ for further information.
[22:18:16] [Server thread/WARN]: To change this, set "online-mode" to "true" in the server.properties file.
[22:18:16] [Server thread/INFO]: Preparing level "world"
[22:18:16] [Server thread/INFO]: Loading 0 persistent chunks for world 'minecraft:overworld'...
[22:18:16] [Server thread/INFO]: Preparing spawn area: 100%
[22:18:16] [Server thread/INFO]: Prepared spawn area in 3 ms
[22:18:16] [Server thread/INFO]: Loading 0 persistent chunks for world 'minecraft:the_nether'...
[22:18:16] [Server thread/INFO]: Prepared spawn area in 2 ms
[22:18:16] [Server thread/INFO]: Loading 0 persistent chunks for world 'minecraft:the_end'...
[22:18:16] [Server thread/INFO]: Prepared spawn area in 0 ms
[22:18:16] [Server thread/INFO]: Done preparing level "world" (0.467s)
[22:18:16] [Server thread/INFO]: [ViaVersion] Enabling ViaVersion v5.7.1
[22:18:16] [Server thread/INFO]: [ViaVersion] ViaVersion detected server version: 1.21.9-1.21.10 (773)
[22:18:16] [Server thread/INFO]: [PlaceholderAPI] Enabling PlaceholderAPI v2.11.7
[22:18:16] [Server thread/INFO]: [PlaceholderAPI] Fetching available expansion information...
[22:18:16] [Server thread/INFO]: [WolfyUtilities] init PAPI event
[22:18:16] [Server thread/INFO]: [WolfyUtilities] Enabled plugin integration for PlaceholderAPI
[22:18:16] [Server thread/INFO]: [Essentials] Enabling Essentials v2.22.0-dev+57-7775662
[22:18:17] [Server thread/ERROR]: [Essentials] You are running an unsupported server version!
[22:18:17] [Server thread/WARN]: [Essentials] Version mismatch! Please update EssentialsSelectors to the same version.
[22:18:17] [Server thread/WARN]: [Essentials] Version mismatch! Please update EssentialsProtect to the same version.
[22:18:17] [Server thread/WARN]: [Essentials] Version mismatch! Please update EssentialsGeoIP to the same version.
[22:18:17] [Server thread/WARN]: [Essentials] Version mismatch! Please update EssentialsSpawn to the same version.
[22:18:17] [Server thread/INFO]: [Essentials] Attempting to convert old kits in config.yml to new kits.yml
[22:18:17] [Server thread/INFO]: [Essentials] No kits found to migrate.
[22:18:17] [Server thread/INFO]: [Essentials] Selected Paper Server State Provider as the provider for ServerStateProvider
[22:18:17] [Server thread/INFO]: [Essentials] Selected 1.20.6+ Potion Meta Provider as the provider for PotionMetaProvider
[22:18:17] [Server thread/INFO]: [Essentials] Selected 1.8.3+ Spawner Item Provider as the provider for SpawnerItemProvider
[22:18:17] [Server thread/INFO]: [Essentials] Selected 1.21.4+ Sync Commands Provider as the provider for SyncCommandsProvider
[22:18:17] [Server thread/INFO]: [Essentials] Selected Reflection Formatted Command Alias Provider as the provider for FormattedCommandAliasProvider
[22:18:17] [Server thread/INFO]: [Essentials] Selected Paper Tick Count Provider as the provider for TickCountProvider
[22:18:17] [Server thread/INFO]: [Essentials] Selected 1.12.2+ Player Locale Provider as the provider for PlayerLocaleProvider
[22:18:17] [Server thread/INFO]: [Essentials] Selected Legacy Biome Name Provider as the provider for BiomeNameProvider
[22:18:17] [Server thread/INFO]: [Essentials] Selected 1.11+ Item Unbreakable Provider as the provider for ItemUnbreakableProvider
[22:18:17] [Server thread/INFO]: [Essentials] Selected Reflection Online Mode Provider as the provider for OnlineModeProvider
[22:18:17] [Server thread/INFO]: [Essentials] Selected 1.14.4+ Persistent Data Container Provider as the provider for PersistentDataProvider
[22:18:17] [Server thread/INFO]: [Essentials] Selected 1.20.5+ Banner Data Provider as the provider for BannerDataProvider
[22:18:17] [Server thread/INFO]: [Essentials] Selected 1.21+ InventoryView Interface ABI Provider as the provider for InventoryViewProvider
[22:18:17] [Server thread/INFO]: [Essentials] Selected 1.14+ Sign Data Provider as the provider for SignDataProvider
[22:18:17] [Server thread/INFO]: [Essentials] Selected 1.20.4+ Damage Event Provider as the provider for DamageEventProvider
[22:18:17] [Server thread/INFO]: [Essentials] Selected 1.17.1+ World Info Provider as the provider for WorldInfoProvider
[22:18:17] [Server thread/INFO]: [Essentials] Selected Paper Known Commands Provider as the provider for KnownCommandsProvider
[22:18:17] [Server thread/INFO]: [Essentials] Selected Paper Container Provider as the provider for ContainerProvider
[22:18:17] [Server thread/INFO]: [Essentials] Selected Paper Serialization Provider as the provider for SerializationProvider
[22:18:17] [Server thread/INFO]: [Essentials] Selected 1.12+ Spawner Block Provider as the provider for SpawnerBlockProvider
[22:18:17] [Server thread/INFO]: [Essentials] Selected Paper Biome Key Provider as the provider for BiomeKeyProvider
[22:18:17] [Server thread/INFO]: [Essentials] Selected Paper Material Tag Provider as the provider for MaterialTagProvider
[22:18:17] [Server thread/INFO]: [Essentials] Selected 1.13+ Spawn Egg Provider as the provider for SpawnEggProvider
[22:18:17] [Server thread/INFO]: [Essentials] Loaded 46309 items from items.json.
[22:18:17] [Server thread/INFO]: [Essentials] Using locale en_US
[22:18:17] [Server thread/INFO]: [Essentials] ServerListPingEvent: Spigot iterator API
[22:18:18] [Server thread/INFO]: [Essentials] Starting Metrics. Opt-out using the global bStats config.
[22:18:18] [Server thread/INFO]: [Vault] [Economy] Essentials Economy hooked.
[22:18:18] [Server thread/INFO]: [Essentials] Using Vault based permissions (LuckPerms)
[22:18:18] [Server thread/INFO]: [ViaBackwards] Enabling ViaBackwards v5.7.1
[22:18:18] [Server thread/INFO]: [WorldGuard] Enabling WorldGuard v7.0.15-beta-01+445a1d7
[22:18:18] [Server thread/INFO]: [WorldGuard] (world) TNT ignition is PERMITTED.
[22:18:18] [Server thread/INFO]: [WorldGuard] (world) Lighters are PERMITTED.
[22:18:18] [Server thread/INFO]: [WorldGuard] (world) Lava fire is PERMITTED.
[22:18:18] [Server thread/INFO]: [WorldGuard] (world) Fire spread is UNRESTRICTED.
[22:18:18] [Server thread/INFO]: [WorldGuard] Loaded configuration for world 'world'
[22:18:18] [Server thread/INFO]: [WorldGuard] (world_nether) TNT ignition is PERMITTED.
[22:18:18] [Server thread/INFO]: [WorldGuard] (world_nether) Lighters are PERMITTED.
[22:18:18] [Server thread/INFO]: [WorldGuard] (world_nether) Lava fire is PERMITTED.
[22:18:18] [Server thread/INFO]: [WorldGuard] (world_nether) Fire spread is UNRESTRICTED.
[22:18:18] [Server thread/INFO]: [WorldGuard] Loaded configuration for world 'world_nether'
[22:18:18] [Server thread/INFO]: [WorldGuard] (world_the_end) TNT ignition is PERMITTED.
[22:18:18] [Server thread/INFO]: [WorldGuard] (world_the_end) Lighters are PERMITTED.
[22:18:18] [Server thread/INFO]: [WorldGuard] (world_the_end) Lava fire is PERMITTED.
[22:18:18] [Server thread/INFO]: [WorldGuard] (world_the_end) Fire spread is UNRESTRICTED.
[22:18:18] [Server thread/INFO]: [WorldGuard] Loaded configuration for world 'world_the_end'
[22:18:18] [Server thread/INFO]: [WorldGuard] Loading region data...
[22:18:20] [Server thread/INFO]: [packetevents] Enabling packetevents v2.11.2
[22:18:20] [packetevents-update-check-thread/INFO]: [packetevents] Checking for updates, please wait...
[22:18:20] [Server thread/INFO]: [EssentialsChat] Enabling EssentialsChat v2.22.0-dev+57-7775662
[22:18:20] [Server thread/INFO]: [EssentialsChat] Starting Metrics. Opt-out using the global bStats config.
[22:18:20] [Server thread/INFO]: [CrackShot] Enabling CrackShot v0.98.13
[22:18:20] [packetevents-update-check-thread/INFO]: [packetevents] You are running the latest release of PacketEvents. Your build: (2.11.2)
[22:18:20] [Server thread/INFO]: [CrackShot] [STDOUT] [CrackShot] Gun-mode activated. Boop!
[22:18:20] [Server thread/WARN]: Nag author(s): '[Shampaggon]' of 'CrackShot v0.98.13' about their usage of System.out/err.print. Please use your plugin's logger instead (JavaPlugin#getLogger).
[22:18:20] [Server thread/INFO]: [Citizens] Enabling Citizens v2.0.41-SNAPSHOT (build 4101)
[22:18:21] [Server thread/INFO]: [Citizens] Loaded 2 templates.
[22:18:21] [Server thread/INFO]: [PlaceholderAPI] Successfully registered internal expansion: citizens [1.0.0]
[22:18:21] [Server thread/INFO]: [Citizens] Loaded economy handling via Vault.
[22:18:21] [Server thread/INFO]: [Multiverse-Core] Enabling Multiverse-Core v5.3.4
[22:18:22] [Server thread/INFO]: [PlotSquared/PlotSquared] Detected world load for 'Plots'
[22:18:22] [Server thread/INFO]: [PlotSquared/PlotSquared] - generator: PlotSquared>PlotSquared
[22:18:22] [Server thread/INFO]: [PlotSquared/PlotSquared] - plot world: com.plotsquared.core.generator.HybridPlotWorld
[22:18:22] [Server thread/INFO]: [PlotSquared/PlotSquared] - plot area manager: com.plotsquared.core.generator.HybridPlotManager
[22:18:22] [Server thread/INFO]: [P2] Loading flags for area: Plots
[22:18:22] [Server thread/INFO]: [P2] Area flags: []
[22:18:22] [Server thread/INFO]: [P2] Road flags: []
[22:18:22] [Server thread/INFO]: [PlotSquared/HybridPlotWorld] - road schematic: false
[22:18:22] [Server thread/INFO]: [PlotSquared/HybridPlotWorld] - Dumping settings for ClassicPlotWorld with name Plots
[22:18:22] [Server thread/INFO]: [PlotSquared/HybridPlotWorld] -- road_schematic_enabled = false
[22:18:22] [Server thread/INFO]: [PlotSquared/HybridPlotWorld] -- plot_schematic = false
[22:18:22] [Server thread/INFO]: [PlotSquared/HybridPlotWorld] -- path_width_lower = 3
[22:18:22] [Server thread/INFO]: [PlotSquared/HybridPlotWorld] -- path_width_upper = 88
[22:18:22] [Server thread/INFO]: [PlotSquared/HybridPlotWorld] -- schem_y = 62
[22:18:22] [Server thread/INFO]: [PlotSquared/HybridPlotWorld] -- road_height = 62
[22:18:22] [Server thread/INFO]: [PlotSquared/HybridPlotWorld] -- plot_height = 64
[22:18:22] [Server thread/INFO]: [PlotSquared/HybridPlotWorld] -- wall_height = 62
[22:18:22] [Server thread/INFO]: [PlotSquared/HybridPlotWorld] -- main_block = stone
[22:18:22] [Server thread/INFO]: [PlotSquared/HybridPlotWorld] -- top_block = grass_block
[22:18:22] [Server thread/INFO]: [PlotSquared/HybridPlotWorld] -- wall_block = stone_slab
[22:18:22] [Server thread/INFO]: [PlotSquared/HybridPlotWorld] -- claimed_wall_block = sandstone_slab
[22:18:22] [Server thread/INFO]: [PlotSquared/HybridPlotWorld] -- wall_filling = stone
[22:18:22] [Server thread/INFO]: [PlotSquared/HybridPlotWorld] -- road_block = quartz_block
[22:18:22] [Server thread/INFO]: [PlotSquared/HybridPlotWorld] -- plot_bedrock = true
[22:18:22] [Server thread/INFO]: [PlotSquared/HybridPlotWorld] -- place_top_block = true
[22:18:22] [Server thread/INFO]: [PlotSquared/HybridPlotWorld] -- component_below_bedrock = false
[22:18:22] [Server thread/INFO]: [PlotSquared/HybridPlotWorld] -- plot_width = 84
[22:18:22] [Server thread/INFO]: [PlotSquared/HybridPlotWorld] -- road_width = 7
[22:18:22] [Server thread/INFO]: [PlotSquared/HybridPlotWorld] -- road_offset_x = 0
[22:18:22] [Server thread/INFO]: [PlotSquared/HybridPlotWorld] -- road_offset_z = 0
[22:18:22] [Server thread/INFO]: [PlotSquared/HybridPlotWorld] -- size = 91
[22:18:22] [Server thread/INFO]: Loading 0 persistent chunks for world 'minecraft:plots'...
[22:18:22] [Server thread/INFO]: Prepared spawn area in 0 ms
[22:18:22] [Server thread/INFO]: [WorldGuard] (Plots) TNT ignition is PERMITTED.
[22:18:22] [Server thread/INFO]: [WorldGuard] (Plots) Lighters are PERMITTED.
[22:18:22] [Server thread/INFO]: [WorldGuard] (Plots) Lava fire is PERMITTED.
[22:18:22] [Server thread/INFO]: [WorldGuard] (Plots) Fire spread is UNRESTRICTED.
[22:18:22] [Server thread/INFO]: [WorldGuard] Loaded configuration for world 'Plots'
[22:18:22] [Server thread/INFO]: Loading 0 persistent chunks for world 'minecraft:gimu'...
[22:18:22] [Server thread/INFO]: Prepared spawn area in 1 ms
[22:18:22] [Server thread/INFO]: [WorldGuard] (gimu) TNT ignition is PERMITTED.
[22:18:22] [Server thread/INFO]: [WorldGuard] (gimu) Lighters are PERMITTED.
[22:18:22] [Server thread/INFO]: [WorldGuard] (gimu) Lava fire is PERMITTED.
[22:18:22] [Server thread/INFO]: [WorldGuard] (gimu) Fire spread is UNRESTRICTED.
[22:18:22] [Server thread/INFO]: [WorldGuard] Loaded configuration for world 'gimu'
[22:18:22] [Server thread/INFO]: [PlotSquared/PlotSquared] Detected world load for 'BigPlots'
[22:18:22] [Server thread/INFO]: [PlotSquared/PlotSquared] - generator: PlotSquared>PlotSquared
[22:18:22] [Server thread/INFO]: [PlotSquared/PlotSquared] - plot world: com.plotsquared.core.generator.HybridPlotWorld
[22:18:22] [Server thread/INFO]: [PlotSquared/PlotSquared] - plot area manager: com.plotsquared.core.generator.HybridPlotManager
[22:18:22] [Server thread/INFO]: [P2] Loading flags for area: BigPlots
[22:18:22] [Server thread/INFO]: [P2] Area flags: []
[22:18:22] [Server thread/INFO]: [P2] Road flags: []
[22:18:22] [Server thread/INFO]: [PlotSquared/HybridPlotWorld] - road schematic: false
[22:18:22] [Server thread/INFO]: [PlotSquared/HybridPlotWorld] - Dumping settings for ClassicPlotWorld with name BigPlots
[22:18:22] [Server thread/INFO]: [PlotSquared/HybridPlotWorld] -- road_schematic_enabled = false
[22:18:22] [Server thread/INFO]: [PlotSquared/HybridPlotWorld] -- plot_schematic = false
[22:18:22] [Server thread/INFO]: [PlotSquared/HybridPlotWorld] -- path_width_lower = 6
[22:18:22] [Server thread/INFO]: [PlotSquared/HybridPlotWorld] -- path_width_upper = 149
[22:18:22] [Server thread/INFO]: [PlotSquared/HybridPlotWorld] -- schem_y = 62
[22:18:22] [Server thread/INFO]: [PlotSquared/HybridPlotWorld] -- road_height = 64
[22:18:22] [Server thread/INFO]: [PlotSquared/HybridPlotWorld] -- plot_height = 64
[22:18:22] [Server thread/INFO]: [PlotSquared/HybridPlotWorld] -- wall_height = 62
[22:18:22] [Server thread/INFO]: [PlotSquared/HybridPlotWorld] -- main_block = stone
[22:18:22] [Server thread/INFO]: [PlotSquared/HybridPlotWorld] -- top_block = grass_block
[22:18:22] [Server thread/INFO]: [PlotSquared/HybridPlotWorld] -- wall_block = stone_slab
[22:18:22] [Server thread/INFO]: [PlotSquared/HybridPlotWorld] -- claimed_wall_block = sandstone_slab
[22:18:22] [Server thread/INFO]: [PlotSquared/HybridPlotWorld] -- wall_filling = stone
[22:18:22] [Server thread/INFO]: [PlotSquared/HybridPlotWorld] -- road_block = quartz_block
[22:18:22] [Server thread/INFO]: [PlotSquared/HybridPlotWorld] -- plot_bedrock = true
[22:18:22] [Server thread/INFO]: [PlotSquared/HybridPlotWorld] -- place_top_block = true
[22:18:22] [Server thread/INFO]: [PlotSquared/HybridPlotWorld] -- component_below_bedrock = false
[22:18:22] [Server thread/INFO]: [PlotSquared/HybridPlotWorld] -- plot_width = 142
[22:18:22] [Server thread/INFO]: [PlotSquared/HybridPlotWorld] -- road_width = 14
[22:18:22] [Server thread/INFO]: [PlotSquared/HybridPlotWorld] -- road_offset_x = 0
[22:18:22] [Server thread/INFO]: [PlotSquared/HybridPlotWorld] -- road_offset_z = 0
[22:18:22] [Server thread/INFO]: [PlotSquared/HybridPlotWorld] -- size = 156
[22:18:22] [Server thread/INFO]: Loading 0 persistent chunks for world 'minecraft:bigplots'...
[22:18:22] [Server thread/INFO]: Prepared spawn area in 3 ms
[22:18:22] [Server thread/INFO]: [WorldGuard] (BigPlots) TNT ignition is PERMITTED.
[22:18:22] [Server thread/INFO]: [WorldGuard] (BigPlots) Lighters are PERMITTED.
[22:18:22] [Server thread/INFO]: [WorldGuard] (BigPlots) Lava fire is PERMITTED.
[22:18:22] [Server thread/INFO]: [WorldGuard] (BigPlots) Fire spread is UNRESTRICTED.
[22:18:22] [Server thread/INFO]: [WorldGuard] Loaded configuration for world 'BigPlots'
[22:18:22] [Server thread/INFO]: Loading 0 persistent chunks for world 'minecraft:speedrun'...
[22:18:22] [Server thread/INFO]: Prepared spawn area in 0 ms
[22:18:22] [Server thread/INFO]: [WorldGuard] (speedrun) TNT ignition is PERMITTED.
[22:18:22] [Server thread/INFO]: [WorldGuard] (speedrun) Lighters are PERMITTED.
[22:18:22] [Server thread/INFO]: [WorldGuard] (speedrun) Lava fire is PERMITTED.
[22:18:22] [Server thread/INFO]: [WorldGuard] (speedrun) Fire spread is UNRESTRICTED.
[22:18:22] [Server thread/INFO]: [WorldGuard] Loaded configuration for world 'speedrun'
[22:18:23] [Server thread/INFO]: Could not set generator for world 'OneBlock': Plugin 'Oneblock' does not exist
[22:18:23] [Server thread/INFO]: Loading 0 persistent chunks for world 'minecraft:oneblock'...
[22:18:23] [Server thread/INFO]: Preparing spawn area: 100%
[22:18:23] [Server thread/INFO]: Prepared spawn area in 1 ms
[22:18:23] [Server thread/INFO]: [WorldGuard] (OneBlock) TNT ignition is PERMITTED.
[22:18:23] [Server thread/INFO]: [WorldGuard] (OneBlock) Lighters are PERMITTED.
[22:18:23] [Server thread/INFO]: [WorldGuard] (OneBlock) Lava fire is PERMITTED.
[22:18:23] [Server thread/INFO]: [WorldGuard] (OneBlock) Fire spread is UNRESTRICTED.
[22:18:23] [Server thread/INFO]: [WorldGuard] Loaded configuration for world 'OneBlock'
[22:18:23] [Server thread/INFO]: [PlaceholderAPI] Successfully registered internal expansion: multiverse-core [5.3.4]
[22:18:23] [Server thread/INFO]: [Multiverse-Core] API service loaded!
[22:18:23] [Server thread/INFO]: [Multiverse-Core] Version 5.3.4 (API v5.3) Enabled - By dumptruckman, Rigby, fernferret, lithium3141, main--, benwoo1110 and Zax71
[22:18:23] [Server thread/INFO]: [Multiverse-Core] Loving Multiverse-Core? Please consider supporting the project with a small donation: https://github.com/sponsors/Multiverse
[22:18:23] [Server thread/INFO]: [LibsDisguises] Enabling LibsDisguises v11.0.14
[22:18:23] [Server thread/INFO]: [LibsDisguises] File Name: LibsDisguises-11.0.14-Github.jar
[22:18:23] [Server thread/INFO]: [LibsDisguises] Discovered nms version (LD: v1_21_R6) (MC: 1.21.10)
[22:18:23] [Server thread/INFO]: [LibsDisguises] Jenkins Build: #1729
[22:18:23] [Server thread/INFO]: [LibsDisguises] Build Date: 27/12/2025 00:48
[22:18:23] [Server thread/INFO]: [LibsDisguises] Build Hash: c93e045b~1
[22:18:23] [Server thread/INFO]: [LibsDisguises] If you own the plugin, place the premium jar downloaded from https://www.spigotmc.org/resources/libs-disguises.32453/ in plugins/LibsDisguises/
[22:18:23] [Server thread/INFO]: [LibsDisguises] You are running the free version, commands limited to non-players and operators. (Console, Command Blocks, Admins)
[22:18:23] [Server thread/INFO]: [LibsDisguises] Config 'TallSelfDisguises' is set to 'SCALED', LD will scale down (when possible) oversized disguises from self disguise. https://www.spigotmc.org/wiki/lib-s-disguises-faq/#tall-disguises-self-disguises
[22:18:24] [Server thread/INFO]: [com.github.retrooper.packetevents.PacketEventsAPI] Loading block mappings for V_1_21_9/20...
[22:18:24] [Server thread/INFO]: [com.github.retrooper.packetevents.PacketEventsAPI] Finished loading block mappings for V_1_21_9/20 in 505.157988ms
[22:18:25] [pool-26-thread-1/INFO]: [PlotSquared/BukkitPlatform] (UUID) PlotSquared will fetch UUIDs in groups of 200
[22:18:25] [pool-26-thread-1/INFO]: [PlotSquared/BukkitPlatform] (UUID) PlotSquared has cached 100.0% of UUIDs
[22:18:25] [pool-26-thread-1/INFO]: [PlotSquared/BukkitPlatform] (UUID) PlotSquared has cached all UUIDs
[22:18:25] [Server thread/INFO]: [LibsDisguises] Config is up to date!
[22:18:25] [Server thread/INFO]: [PlaceholderAPI] Successfully registered internal expansion: libsdisguises [1.0.0]
[22:18:25] [Server thread/INFO]: [LibsDisguises] PlaceholderAPI support enabled
[22:18:25] [Server thread/INFO]: [EconomyShopGUI] Enabling EconomyShopGUI v6.16.3
[22:18:25] [Server thread/INFO]: [EconomyShopGUI] [INFO]: Initializing paper meta...
[22:18:25] [Server thread/INFO]: [EconomyShopGUI] [INFO]: Using lang-en.yml as language file
[22:18:25] [Server thread/INFO]: [EconomyShopGUI] [INFO]: Completed loading 16 section configs from /sections/
[22:18:25] [Server thread/INFO]: [EconomyShopGUI] [INFO]: Completed loading 16 shop configs from /shops/
[22:18:25] [Server thread/INFO]: [EconomyShopGUI] [INFO]: Updating Shop settings...
[22:18:25] [Server thread/INFO]: [EconomyShopGUI] [INFO]: Successfully hooked into Vault and using EssentialsX Economy as economy provider
[22:18:25] [Server thread/INFO]: [EconomyShopGUI] [INFO]: Completed loading 1 economy provider(s) for all 14 shop sections.
[22:18:25] [Server thread/INFO]: [EconomyShopGUI] [INFO]: Using minecraft version 1.21.10...
[22:18:25] [Server thread/INFO]: [EconomyShopGUI] [INFO]: Spawner provider set to AUTO in config
[22:18:25] [Server thread/INFO]: [EconomyShopGUI] [INFO]: Automatically searching for compatible spawner provider....
[22:18:25] [Server thread/INFO]: [EconomyShopGUI] [INFO]: Failed to automatically find compatible spawner provider, using default...
[22:18:26] [Server thread/INFO]: [PlaceholderAPI] Successfully registered internal expansion: esgui [1.1.0]
[22:18:26] [Server thread/INFO]: [EconomyShopGUI] [INFO]: Debug mode is enabled.
[22:18:26] [Server thread/INFO]: [EconomyShopGUI] [INFO]: Loading all items...
[22:18:26] [Server thread/INFO]: [EconomyShopGUI] [INFO]: Initialized - Took 807ms to complete
[22:18:26] [ESGUI_UTIL_THREAD #0/INFO]: [EconomyShopGUI] [INFO]: There is an update available for EconomyShopGUI, you are running v6.16.3 but found v6.16.4.
[22:18:26] [ESGUI_UTIL_THREAD #0/INFO]: [EconomyShopGUI] [INFO]: Download at: https://www.spigotmc.org/resources/economyshopgui.69927/
[22:18:26] [Server thread/INFO]: [Amend] Enabling Amend v1.8.5--V.1.21.10
[22:18:26] [Server thread/INFO]: [Amend] Amend is on standby, ready for updates on shutdown.
[22:18:26] [Server thread/INFO]: [EssentialsSelectors] Enabling EssentialsSelectors v2.1.0
[22:18:26] [Server thread/INFO]: [CustomCrafting] Enabling CustomCrafting v4.19.1.0
[22:18:26] [Server thread/INFO]: [CustomCrafting] Loaded fallback language "en_US" v6.1.0 translated by WolfyScript
[22:18:26] [Server thread/INFO]: [CustomCrafting] Loaded active language "en_US" v6.1.0 translated by WolfyScript
[22:18:27] [Server thread/INFO]: [CustomCrafting] ____ _  _ ____ ___ ____ _  _ ____ ____ ____ ____ ___ _ _  _ ____ 
[22:18:27] [Server thread/INFO]: [CustomCrafting] |    |  | [__   |  |  | |\/| |    |__/ |__| |___  |  | |\ | | __ 
[22:18:27] [Server thread/INFO]: [CustomCrafting] |___ |__| ___]  |  |__| |  | |___ |  \ |  | |     |  | | \| |__]
[22:18:27] [Server thread/INFO]: [CustomCrafting]     Version      | v4.19.1.0
[22:18:27] [Server thread/INFO]: [CustomCrafting]     WolfyUtils   | v4.19.1.2
[22:18:27] [Server thread/INFO]: [CustomCrafting]     Bukkit       | 1.21.10-129-3e25649 (MC: 1.21.10)(API: 1.21.10-R0.1-SNAPSHOT)
[22:18:27] [Server thread/INFO]: Environment: Environment[sessionHost=https://sessionserver.mojang.com, servicesHost=https://api.minecraftservices.com, profilesHost=https://api.mojang.com, name=PROD]
[22:18:27] [Server thread/INFO]: [CustomCrafting] 
[22:18:27] [Server thread/INFO]: [CustomCrafting] Special thanks to my Patrons for supporting this project: 
[22:18:27] [Server thread/INFO]: [CustomCrafting] Omarlatif, Nat R, Obsidian_Sword, LiveJunye, Mithran, Teddy
[22:18:27] [Server thread/INFO]: [CustomCrafting] Invictus_Vulpes , Luuk Musch, fioxu, JorshStark, Perny Dev, Charlie
[22:18:27] [Server thread/INFO]: [CustomCrafting] iachen, whja t, Green Masks, lance fector, Jack Snellings, MineHouse Server
[22:18:27] [Server thread/INFO]: [CustomCrafting] ------------------------------------------------------------------------
[22:18:27] [Server thread/INFO]: [CustomCrafting] Registering PlaceHolder
[22:18:27] [Server thread/INFO]: [PlaceholderAPI] Successfully registered internal expansion: customcrafting [4.19.1.0]
[22:18:27] [Server thread/INFO]: [CustomCrafting] Data destination: LOCAL
[22:18:27] [Server thread/INFO]: [CustomCrafting] Initiating Inventory GUIs
[22:18:27] [Server thread/INFO]: [CustomCrafting] Register ItemCreator Tabs
[22:18:27] [Server thread/INFO]: [CustomCrafting] Loading Recipes & Items
[22:18:27] [Server thread/INFO]: [CustomCrafting] - - - - [Local Storage] - - - -
[22:18:27] [Server thread/INFO]: [CustomCrafting] [LOCAL] Using 4 threads
[22:18:27] [Server thread/INFO]: [CustomCrafting] [LOCAL] Looking through data folder...
[22:18:27] [Server thread/INFO]: [CustomCrafting] [LOCAL] Loading Items
[22:18:27] [Server thread/INFO]: [CustomCrafting] [LOCAL] Loading Recipes
[22:18:28] [Server thread/INFO]: [CustomCrafting] [LOCAL] Loaded 2 recipes in 111ms
[22:18:28] [Server thread/INFO]: [CustomCrafting] Indexing Recipe Book...
[22:18:28] [Server thread/INFO]: [CustomCrafting] Indexed Recipe Book!
[22:18:28] [Server thread/INFO]: [CustomCrafting] ------------------------------------------------------------------------
[22:18:28] [Server thread/INFO]: [UltimateModeration] Enabling UltimateModeration v4.7.0
[22:18:28] [Server thread/INFO]:  
[22:18:28] [Server thread/INFO]: =============================
[22:18:28] [Server thread/INFO]: UltimateModeration 4.7.0 by Songoda <3!
[22:18:28] [Server thread/INFO]: Action: Enabling...
[22:18:28] [Server thread/INFO]: [UltimateModeration] Loaded locale "en_US"
[22:18:28] [Server thread/INFO]: [com.songoda.ultimatemoderation.core.CoreLogger] [UltimateModeration] [SongodaCore] [SongodaCore] Hooked UltimateModeration.
[22:18:28] [Server thread/INFO]: [com.songoda.third_party.com.zaxxer.hikari.HikariDataSource] HikariPool-1 - Starting...
[22:18:28] [Server thread/INFO]: [com.songoda.third_party.com.zaxxer.hikari.HikariDataSource] HikariPool-1 - Start completed.
[22:18:28] [Server thread/INFO]: [UltimateModeration] Data handler connected using H2.
[22:18:28] [Server thread/INFO]: =============================
[22:18:28] [Server thread/INFO]:  
[22:18:28] [Server thread/INFO]: [Sentinel] Enabling Sentinel v2.9.3-SNAPSHOT (build 533)
[22:18:28] [Server thread/INFO]: [Sentinel] Sentinel loading...
[22:18:28] [Server thread/INFO]: [Sentinel] Running on java version: 25.0.1
[22:18:28] [Server thread/INFO]: [Sentinel] Sentinel loaded on a fully supported Minecraft version. If you encounter any issues or need to ask a question, please join our Discord at https://discord.gg/Q6pZGSR and post in the '#sentinel' channel.
[22:18:29] [Server thread/INFO]: [Sentinel] Vault linked! Group targets will work.
[22:18:29] [Server thread/INFO]: [Sentinel] Sentinel found CrackShot! Adding support for it!
[22:18:29] [Server thread/INFO]: [Sentinel] Sentinel found WorldGuard! Adding support for it!
[22:18:29] [Server thread/INFO]: [Sentinel] Sentinel loaded!
[22:18:29] [Server thread/INFO]: [EssentialsProtect] Enabling EssentialsProtect v2.21.2
[22:18:29] [Server thread/INFO]: [EssentialsProtect] Continuing to enable Protect.
[22:18:29] [Server thread/WARN]: [EssentialsProtect] Version mismatch! Please update all Essentials jars to the same version.
[22:18:29] [Server thread/INFO]: [EssentialsProtect] Starting Metrics. Opt-out using the global bStats config.
[22:18:29] [Server thread/INFO]: [ChatFormatter] Enabling ChatFormatter v1.3.5
[22:18:29] [Server thread/INFO]: [ChatFormatter] Plugin enabled in 458ms
[22:18:29] [Server thread/INFO]: [Multiverse-Portals] Enabling Multiverse-Portals v5.1.1
[22:18:29] [Server thread/INFO]: [Multiverse-Portals] 0 - Portals(s) loaded
[22:18:29] [Server thread/INFO]: [Multiverse-Portals] Found FastAsyncWorldEdit. Using it for selections.
[22:18:29] [Server thread/INFO]: [Multiverse-Portals 5.1.1]  Enabled - By Rigby, fernferret and benwoo1110
[22:18:29] [Server thread/INFO]: [GSit] Enabling GSit v3.2.0
[22:18:29] [Server thread/INFO]: [PlaceholderAPI] Successfully registered internal expansion: gsit [3.2.0]
[22:18:29] [Server thread/INFO]: [WorldGuard] Registering session handler dev.geco.gsit.link.worldguard.RegionFlagHandler
[22:18:30] [Server thread/INFO]: [GSit] The plugin was successfully enabled.
[22:18:30] [Server thread/INFO]: [GSit] Link with PlaceholderAPI successful!
[22:18:30] [Server thread/INFO]: [GSit] Link with WorldGuard successful!
[22:18:30] [Server thread/INFO]: [TuffX] Enabling TuffX v1.1.0
[22:18:30] [Server thread/INFO]: [TuffX] ProtocolLib listener for chunks registered successfully.
[22:18:30] [Server thread/INFO]: [TuffX] Server Minecraft Version: 1.21.10
[22:18:30] [Server thread/INFO]: [TuffX] 
[22:18:30] [Server thread/INFO]: [TuffX] ████████╗██╗   ██╗███████╗ ███████╗ ██╗  ██╗
[22:18:30] [Server thread/INFO]: [TuffX] ╚══██╔══╝██║   ██║██╔════╝ ██╔════╝ ╚██╗██╔╝
[22:18:30] [Server thread/INFO]: [TuffX]    ██║   ██║   ██║██████╗  ██████╗   ╚███╔╝ 
[22:18:30] [Server thread/INFO]: [TuffX]    ██║   ██║   ██║██╔═══╝  ██╔═══╝   ██╔██╗ 
[22:18:30] [Server thread/INFO]: [TuffX]    ██║   ╚██████╔╝██║      ██║      ██╔╝╚██╗
[22:18:30] [Server thread/INFO]: [TuffX]    ╚═╝    ╚═════╝ ╚═╝      ╚═╝      ╚═╝  ╚═╝
[22:18:30] [Server thread/INFO]: [TuffX] 
[22:18:30] [Server thread/INFO]: [TuffX] Below y0 and TuffX programmed by Potato
[22:18:30] [Server thread/INFO]: [EssentialsGeoIP] Enabling EssentialsGeoIP v2.21.2
[22:18:30] [Server thread/WARN]: [EssentialsGeoIP] Version mismatch! Please update all Essentials jars to the same version.
[22:18:30] [Server thread/ERROR]: [EssentialsGeoIP] No license key found! Please visit https://essentialsx.net/geoip for first time setup instructions.
[22:18:30] [Server thread/ERROR]: [EssentialsGeoIP] Failed to read GeoIP database!
java.io.FileNotFoundException: plugins/EssentialsGeoIP/GeoIP2-Country.mmdb (No such file or directory)
	at java.base/java.io.RandomAccessFile.open0(Native Method) ~[?:?]
	at java.base/java.io.RandomAccessFile.open(RandomAccessFile.java:338) ~[?:?]
	at java.base/java.io.RandomAccessFile.<init>(RandomAccessFile.java:257) ~[?:?]
	at java.base/java.io.RandomAccessFile.<init>(RandomAccessFile.java:211) ~[?:?]
	at EssentialsXGeoIP-2.21.2.jar/com.earth2me.essentials.geoip.libs.maxmind.db.BufferHolder.<init>(BufferHolder.java:19) ~[EssentialsXGeoIP-2.21.2.jar:?]
	at EssentialsXGeoIP-2.21.2.jar/com.earth2me.essentials.geoip.libs.maxmind.db.Reader.<init>(Reader.java:116) ~[EssentialsXGeoIP-2.21.2.jar:?]
	at EssentialsXGeoIP-2.21.2.jar/com.earth2me.essentials.geoip.libs.maxmind.geoip2.DatabaseReader.<init>(DatabaseReader.java:66) ~[EssentialsXGeoIP-2.21.2.jar:?]
	at EssentialsXGeoIP-2.21.2.jar/com.earth2me.essentials.geoip.libs.maxmind.geoip2.DatabaseReader.<init>(DatabaseReader.java:54) ~[EssentialsXGeoIP-2.21.2.jar:?]
	at EssentialsXGeoIP-2.21.2.jar/com.earth2me.essentials.geoip.libs.maxmind.geoip2.DatabaseReader$Builder.build(DatabaseReader.java:160) ~[EssentialsXGeoIP-2.21.2.jar:?]
	at EssentialsXGeoIP-2.21.2.jar/com.earth2me.essentials.geoip.EssentialsGeoIPPlayerListener.reloadConfig(EssentialsGeoIPPlayerListener.java:176) ~[EssentialsXGeoIP-2.21.2.jar:?]
	at EssentialsXGeoIP-2.21.2.jar/com.earth2me.essentials.geoip.EssentialsGeoIPPlayerListener.<init>(EssentialsGeoIPPlayerListener.java:52) ~[EssentialsXGeoIP-2.21.2.jar:?]
	at EssentialsXGeoIP-2.21.2.jar/com.earth2me.essentials.geoip.EssentialsGeoIP.onEnable(EssentialsGeoIP.java:34) ~[EssentialsXGeoIP-2.21.2.jar:?]
	at org.bukkit.plugin.java.JavaPlugin.setEnabled(JavaPlugin.java:279) ~[paper-api-1.21.10-R0.1-SNAPSHOT.jar:?]
	at io.papermc.paper.plugin.manager.PaperPluginInstanceManager.enablePlugin(PaperPluginInstanceManager.java:202) ~[paper-1.21.10.jar:1.21.10-129-3e25649]
	at io.papermc.paper.plugin.manager.PaperPluginManagerImpl.enablePlugin(PaperPluginManagerImpl.java:109) ~[paper-1.21.10.jar:1.21.10-129-3e25649]
	at org.bukkit.plugin.SimplePluginManager.enablePlugin(SimplePluginManager.java:520) ~[paper-api-1.21.10-R0.1-SNAPSHOT.jar:?]
	at org.bukkit.craftbukkit.CraftServer.enablePlugin(CraftServer.java:639) ~[paper-1.21.10.jar:1.21.10-129-3e25649]
	at org.bukkit.craftbukkit.CraftServer.enablePlugins(CraftServer.java:596) ~[paper-1.21.10.jar:1.21.10-129-3e25649]
	at net.minecraft.server.MinecraftServer.initPostWorld(MinecraftServer.java:637) ~[paper-1.21.10.jar:1.21.10-129-3e25649]
	at net.minecraft.server.dedicated.DedicatedServer.initServer(DedicatedServer.java:368) ~[paper-1.21.10.jar:1.21.10-129-3e25649]
	at net.minecraft.server.MinecraftServer.runServer(MinecraftServer.java:1257) ~[paper-1.21.10.jar:1.21.10-129-3e25649]
	at net.minecraft.server.MinecraftServer.lambda$spin$2(MinecraftServer.java:384) ~[paper-1.21.10.jar:1.21.10-129-3e25649]
	at java.base/java.lang.Thread.run(Thread.java:1474) ~[?:?]
[22:18:30] [Server thread/INFO]: [EssentialsGeoIP] This product includes GeoLite2 data created by MaxMind, available from http://www.maxmind.com/.
[22:18:30] [Server thread/INFO]: [EssentialsGeoIP] Starting Metrics. Opt-out using the global bStats config.
[22:18:30] [Server thread/INFO]: [EssentialsSpawn] Enabling EssentialsSpawn v2.21.2
[22:18:30] [Server thread/WARN]: [EssentialsSpawn] Version mismatch! Please update all Essentials jars to the same version.
[22:18:30] [Server thread/INFO]: [EssentialsSpawn] Starting Metrics. Opt-out using the global bStats config.
[22:18:30] [Server thread/INFO]: [InteractiveChat] Enabling InteractiveChat v4.3.5.1
[22:18:34] [Server thread/INFO]: [InteractiveChat] No custom ProtocolProvider provided, using default ProtocolLib provider.
[22:18:34] [Server thread/INFO]: [InteractiveChat] Registering Plugin Messaging Channels for bungeecord...
[22:18:34] [Server thread/INFO]: [InteractiveChat] Opened Sqlite database successfully
[22:18:35] [Server thread/INFO]: [InteractiveChat] InteractiveChat has hooked into Essentials!
[22:18:35] [Server thread/INFO]: [InteractiveChat] InteractiveChat has hooked into ViaVersion!
[22:18:35] [Server thread/INFO]: [InteractiveChat] InteractiveChat has hooked into LuckPerms!
[22:18:35] [Server thread/INFO]: [PlaceholderAPI] Successfully registered internal expansion: interactivechat [4.3.5.1]
[22:18:35] [Server thread/INFO]: [InteractiveChat] InteractiveChat has been Enabled!
[22:18:35] [Server thread/INFO]: [GrapplingHook] Enabling GrapplingHook v1.6.5
[22:18:35] [Server thread/INFO]: [GrapplingHook] Loaded 8 recipes.
[22:18:35] [Server thread/INFO]: [TAB] Enabling TAB v5.3.2
[22:18:36] [Server thread/INFO]: [TAB] Enabled in 273ms
[22:18:36] [Server thread/INFO]: [InteractionVisualizer] Enabling InteractionVisualizer v1.18.19.0
[22:18:43] [Server thread/INFO]: [InteractionVisualizer] Opened Sqlite database successfully
[22:18:44] [Server thread/INFO]: [PlaceholderAPI] Successfully registered internal expansion: interactionvisualizer [2.0.0]
[22:18:44] [Server thread/INFO]: [InteractionVisualizer] InteractionVisualizer has been enabled!
[22:18:44] [Server thread/INFO]: [DecentHolograms] Enabling DecentHolograms v2.9.9
[22:18:44] [Server thread/INFO]: [DecentHolograms] Initialized NMS adapter for paper_v1_21_R6 (1.21.10).
[22:18:44] [Server thread/INFO]: [DecentHolograms] NBT-API loaded successfully.
[22:18:44] [Server thread/INFO]: [LagAssist] Enabling LagAssist v2.32.5
[22:18:44] [Server thread/INFO]: §2§lLag§f§lAssist §e» §fEnabling Systems:
[22:18:44] [Server thread/INFO]:     §e[§a✔§e] §fEconomy manager
[22:18:44] [Server thread/INFO]:     §e[§a✔§e] §fSmart Mob Tools.
[22:18:44] [Server thread/INFO]:     §e[§a✔§e] §fMicroFeatures.
[22:18:44] [Server thread/INFO]:     §e[§a✔§e] §fHopper Manager.
[22:18:44] [Server thread/INFO]:     §e[§a✔§e] §fRedstone Culler.
[22:18:44] [Server thread/INFO]:     §e[§a✔§e] §fPhysics-Tweaker.
[22:18:44] [Server thread/INFO]:     §e[§a✔§e] §fLag Monitor.
[22:18:44] [Server thread/INFO]:     §e[§a✔§e] §fMapVisualizer.
[22:18:44] [Server thread/INFO]:     §e[§a✔§e] §fChunk Analyser.
[22:18:44] [Server thread/INFO]:     §e[§a✔§e] §fChunk Limiter.
[22:18:44] [Server thread/INFO]:     §e[§a✔§e] §fStatsAnalyse.
[22:18:44] [Server thread/INFO]:     §e[§a✔§e] §fSpawner Manager.
[22:18:44] [Server thread/INFO]:     §e[§a✔§e] §fGUI.
[22:18:44] [Server thread/INFO]:     §e[§a✔§e] §fInjecting PacketListener.
[22:18:44] [Server thread/INFO]:     §e[§a✔§e] §fAPI Tools.
[22:18:45] [Server thread/INFO]: [spark] Starting background profiler...
[22:18:46] [Server thread/INFO]: [PlaceholderAPI] Placeholder expansion registration initializing...
[22:18:46] [Server thread/INFO]: Running delayed init tasks
[22:18:46] [Craft Scheduler Thread - 5 - Essentials/INFO]: [Essentials] Fetching version information...
[22:18:46] [Craft Scheduler Thread - 9 - ViaVersion/INFO]: [ViaVersion] Finished mapping loading, shutting down loader executor.
[22:18:46] [Server thread/INFO]: [com.fastasyncworldedit.bukkit.regions.WorldGuardFeature] Plugin 'WorldGuard' found. Using it now.
[22:18:46] [Server thread/INFO]: [com.fastasyncworldedit.bukkit.FaweBukkit] Attempting to use plugin 'WorldGuard'
[22:18:46] [Craft Scheduler Thread - 16 - InteractionVisualizer/INFO]: [InteractionVisualizer] Downloading and extracting latest Language files...
[22:18:46] [Server thread/INFO]: [com.fastasyncworldedit.bukkit.regions.plotsquared.PlotSquaredFeature] Optimizing PlotSquared
[22:18:46] [Server thread/INFO]: [com.fastasyncworldedit.bukkit.FaweBukkit] Plugin 'PlotSquared' v7 found. Using it now.
[22:18:46] [Server thread/INFO]: [Essentials] Essentials found a compatible payment resolution method: Vault Compatibility Layer (v1.7.3-b131)!
[22:18:46] [Craft Scheduler Thread - 11 - InteractiveChat/INFO]: [InteractiveChat] Loading languages...
[22:18:46] [Craft Scheduler Thread - 22 - Vault/INFO]: [Vault] Checking for Updates ... 
[22:18:46] [Craft Scheduler Thread - 14 - LagAssist/INFO]: §2§lLag§f§lAssist §e» §fYou are up to date with LagAssist.
[22:18:46] [Craft Scheduler Thread - 22 - Vault/INFO]: [Vault] No new version available
[22:18:46] [Craft Scheduler Thread - 5 - Essentials/WARN]: [Essentials] You're 15 EssentialsX dev build(s) out of date!
[22:18:46] [Craft Scheduler Thread - 5 - Essentials/WARN]: [Essentials] Download it here: https://essentialsx.net/downloads.html
[22:18:46] [Craft Scheduler Thread - 16 - InteractionVisualizer/INFO]: [InteractionVisualizer] Sucessfully downloaded the latest Language files!
[22:18:47] [Server thread/INFO]: [Citizens] Loaded 2 NPCs.
[22:18:47] [Server thread/INFO]: [TuffX] Loading mappings from 1.21.10-mappings.json
[22:18:48] [Server thread/INFO]: [TuffX] Loaded 29671 legacy mappings.
[22:18:48] [Server thread/WARN]: [ViaVersion] There is a newer plugin version available: 5.7.2, you're on: 5.7.1
[22:18:48] [Server thread/INFO]: Done (79.462s)! For help, type "help"
[22:18:48] [Server thread/INFO]: [PlaceholderAPI] An update for PlaceholderAPI (v2.12.2) is available at:
[22:18:48] [Server thread/INFO]: [PlaceholderAPI] https://www.spigotmc.org/resources/placeholderapi.6245/
[22:18:48] [Server thread/INFO]: [PlaceholderAPI] Successfully registered external expansion: armor [1.0.0]
[22:18:48] [Server thread/INFO]: [PlaceholderAPI] Successfully registered external expansion: math [2.0.2]
[22:18:48] [Server thread/INFO]: [PlaceholderAPI] Successfully registered external expansion: vault [1.8.3]
[22:18:48] [Server thread/INFO]: [PlaceholderAPI] Successfully registered external expansion: server [2.7.3]
[22:18:48] [Server thread/INFO]: [PlaceholderAPI] Successfully registered external expansion: statistic [2.0.2]
[22:18:48] [Server thread/INFO]: [PlaceholderAPI] Successfully registered external expansion: player [2.0.9]
[22:18:48] [Server thread/INFO]: [PlaceholderAPI] Successfully registered external expansion: luckperms [5.4-R2]
[22:18:48] [Server thread/INFO]: [PlaceholderAPI] Successfully registered external expansion: world [1.2.3]
[22:18:48] [Server thread/INFO]: [PlaceholderAPI] Successfully registered external expansion: checkitem [2.7.9]
[22:18:48] [Server thread/INFO]: [PlaceholderAPI] Successfully registered external expansion: essentials [1.5.2]
[22:18:48] [Server thread/INFO]: 10 placeholder hook(s) registered!
[22:18:50] [Craft Scheduler Thread - 11 - InteractiveChat/INFO]: [InteractiveChat] Loaded all 1 languages!
[22:19:18] [Server thread/INFO]: Stopping server
[22:19:18] [Server thread/INFO]: [LagAssist] Disabling LagAssist v2.32.5
[22:19:18] [Server thread/INFO]: [DecentHolograms] Disabling DecentHolograms v2.9.9
[22:19:18] [Server thread/INFO]: [InteractionVisualizer] Disabling InteractionVisualizer v1.18.19.0
[22:19:18] [Server thread/INFO]: [PlaceholderAPI] Unregistered placeholder expansion interactionvisualizer
[22:19:18] [Server thread/INFO]: [PlaceholderAPI] Reason: required plugin InteractionVisualizer was disabled.
[22:19:18] [Server thread/INFO]: [InteractionVisualizer] Saving player preferences bitmask index, do not halt the server.
[22:19:18] [Server thread/INFO]: [InteractionVisualizer] InteractionVisualizer has been disabled!
[22:19:18] [Server thread/INFO]: [TAB] Disabling TAB v5.3.2
[22:19:18] [Server thread/INFO]: [TAB] Disabled in 0ms
[22:19:18] [Server thread/INFO]: [GrapplingHook] Disabling GrapplingHook v1.6.5
[22:19:18] [Server thread/INFO]: [InteractiveChat] Disabling InteractiveChat v4.3.5.1
[22:19:18] [Server thread/INFO]: [PlaceholderAPI] Unregistered placeholder expansion interactivechat
[22:19:18] [Server thread/INFO]: [PlaceholderAPI] Reason: required plugin InteractiveChat was disabled.
[22:19:18] [Server thread/INFO]: [InteractiveChat] InteractiveChat has been Disabled!
[22:19:18] [Server thread/INFO]: [EssentialsSpawn] Disabling EssentialsSpawn v2.21.2
[22:19:18] [Server thread/INFO]: [EssentialsGeoIP] Disabling EssentialsGeoIP v2.21.2
[22:19:18] [Server thread/INFO]: [TuffX] Disabling TuffX v1.1.0
[22:19:18] [Server thread/INFO]: [GSit] Disabling GSit v3.2.0
[22:19:18] [Server thread/INFO]: [WorldGuard] Unregistering session handler dev.geco.gsit.link.worldguard.RegionFlagHandler
[22:19:18] [Server thread/INFO]: [GSit] The plugin was successfully disabled.
[22:19:18] [Server thread/INFO]: [Multiverse-Portals] Disabling Multiverse-Portals v5.1.1
[22:19:18] [Server thread/INFO]: [ChatFormatter] Disabling ChatFormatter v1.3.5
[22:19:18] [Server thread/INFO]: [EssentialsProtect] Disabling EssentialsProtect v2.21.2
[22:19:18] [Server thread/INFO]: [Sentinel] Disabling Sentinel v2.9.3-SNAPSHOT (build 533)
[22:19:18] [Server thread/INFO]: [Sentinel] Sentinel unloading...
[22:19:18] [Server thread/INFO]: [Sentinel] Sentinel unloaded!
[22:19:18] [Server thread/INFO]: [UltimateModeration] Disabling UltimateModeration v4.7.0
[22:19:18] [Server thread/INFO]:  
[22:19:18] [Server thread/INFO]: =============================
[22:19:18] [Server thread/INFO]: UltimateModeration 4.7.0 by Songoda <3!
[22:19:18] [Server thread/INFO]: Action: Disabling...
[22:19:18] [Server thread/INFO]: [com.songoda.third_party.com.zaxxer.hikari.HikariDataSource] HikariPool-1 - Shutdown initiated...
[22:19:18] [Server thread/INFO]: [com.songoda.third_party.com.zaxxer.hikari.HikariDataSource] HikariPool-1 - Shutdown completed.
[22:19:18] [Server thread/INFO]: =============================
[22:19:18] [Server thread/INFO]:  
[22:19:18] [Server thread/INFO]: [CustomCrafting] Disabling CustomCrafting v4.19.1.0
[22:19:18] [Server thread/INFO]: [EssentialsSelectors] Disabling EssentialsSelectors v2.1.0
[22:19:18] [Server thread/INFO]: [Amend] Disabling Amend v1.8.5--V.1.21.10
[22:19:18] [Server thread/INFO]: [Amend] Started Update Check...
[22:19:18] [Server thread/INFO]: [Amend] AUTO is enabled, checking server type...
[22:19:18] [Server thread/INFO]: [Amend] AUTO detected: Paper
[22:19:19] [Server thread/WARN]: [Amend] -------------------------------
[22:19:19] [Server thread/INFO]: [Amend] Amend
[22:19:19] [Server thread/INFO]: [Amend] Server-Type Selected: PAPER
[22:19:19] [Server thread/INFO]: [Amend] Current Version: 129 (MC: 1.21.10)
[22:19:19] [Server thread/INFO]: [Amend] Server is up to date!
[22:19:19] [Server thread/INFO]: [Amend] Closing plugin...
[22:19:19] [Server thread/WARN]: [Amend] -------------------------------
[22:19:22] [Server thread/INFO]: [Amend] Successfully disabled Amend!
[22:19:22] [Server thread/INFO]: [EconomyShopGUI] Disabling EconomyShopGUI v6.16.3
[22:19:22] [Server thread/INFO]: [LibsDisguises] Disabling LibsDisguises v11.0.14
[22:19:22] [Server thread/INFO]: [Multiverse-Core] Disabling Multiverse-Core v5.3.4
[22:19:22] [Server thread/INFO]: [Citizens] Disabling Citizens v2.0.41-SNAPSHOT (build 4101)
[22:19:22] [Server thread/INFO]: [CrackShot] Disabling CrackShot v0.98.13
[22:19:22] [Server thread/INFO]: [WolfyUtilities] Disabling WolfyUtilities v4.19.1.2
[22:19:22] [Server thread/INFO]: [WolfyUtilities] Save stored Custom Items
[22:19:22] [Server thread/INFO]: [EssentialsChat] Disabling EssentialsChat v2.22.0-dev+57-7775662
[22:19:22] [Server thread/INFO]: [packetevents] Disabling packetevents v2.11.2
[22:19:22] [Server thread/INFO]: [PlotSquared] Disabling PlotSquared v7.5.12-SNAPSHOT
[22:19:22] [Server thread/INFO]: [PlotSquared/SQLManager] All DB transactions during this session are being validated (This may take a while if corrections need to be made)
[22:19:22] [Server thread/INFO]: [WorldGuard] Disabling WorldGuard v7.0.15-beta-01+445a1d7
[22:19:22] [Server thread/INFO]: [WorldGuard] Shutting down executor and cancelling any pending tasks...
[22:19:22] [Server thread/INFO]: [mcMMO] Disabling mcMMO v2.0.0-SNAPSHOT
[22:19:22] [Server thread/INFO]: [ViaBackwards] Disabling ViaBackwards v5.7.1
[22:19:22] [Server thread/INFO]: [ProtocolLib] Disabling ProtocolLib v5.4.1-SNAPSHOT-5773bcb
[22:19:22] [Server thread/INFO]: [Essentials] Disabling Essentials v2.22.0-dev+57-7775662
[22:19:22] [Server thread/INFO]: [Vault] [Economy] Essentials Economy unhooked.
[22:19:22] [Server thread/INFO]: [PlaceholderAPI] Disabling PlaceholderAPI v2.11.7
[22:19:22] [Server thread/INFO]: [FastAsyncWorldEdit] Disabling FastAsyncWorldEdit v2.15.0+e9aa28d
[22:19:22] [Server thread/INFO]: Unregistering com.sk89q.worldedit.bukkit.BukkitServerInterface from WorldEdit
[22:19:22] [Server thread/INFO]: [Vault] Disabling Vault v1.7.3-b131
[22:19:22] [Server thread/INFO]: [LuckPerms] Disabling LuckPerms v5.4.158
[22:19:22] [Server thread/INFO]: [LuckPerms] Starting shutdown process...
[22:19:22] [Server thread/INFO]: [LuckPerms] Closing storage...
[22:19:22] [Server thread/INFO]: [LuckPerms] Goodbye!
[22:19:22] [Server thread/INFO]: [ViaVersion] Disabling ViaVersion v5.7.1
[22:19:22] [Server thread/INFO]: [ViaVersion] ViaVersion has been disabled; uninjected the platform and shut down the scheduler.
[22:19:22] [Server thread/INFO]: Saving players
[22:19:22] [Server thread/INFO]: Saving worlds
[22:19:22] [Server thread/INFO]: Saving chunks for level 'ServerLevel[world]'/minecraft:overworld
[22:19:22] [Server thread/INFO]: [ChunkHolderManager] Waiting 60s for chunk system to halt for world 'world'
[22:19:22] [Server thread/INFO]: [ChunkHolderManager] Halted chunk system for world 'world'
[22:19:22] [Server thread/INFO]: [ChunkHolderManager] Saving all chunkholders for world 'world'
[22:19:22] [Server thread/INFO]: [ChunkHolderManager] Saved 0 block chunks, 0 entity chunks, 0 poi chunks in world 'world' in 0.00s
[22:19:22] [Server thread/INFO]: [ChunkHolderManager] Waiting 60s for chunk I/O to halt for world 'world'
[22:19:22] [Server thread/INFO]: [ChunkHolderManager] Halted I/O scheduler for world 'world'
[22:19:22] [Server thread/INFO]: Saving chunks for level 'ServerLevel[world_nether]'/minecraft:the_nether
[22:19:22] [Server thread/INFO]: [ChunkHolderManager] Waiting 60s for chunk system to halt for world 'world_nether'
[22:19:22] [Server thread/INFO]: [ChunkHolderManager] Halted chunk system for world 'world_nether'
[22:19:22] [Server thread/INFO]: [ChunkHolderManager] Saving all chunkholders for world 'world_nether'
[22:19:22] [Server thread/INFO]: [ChunkHolderManager] Saved 0 block chunks, 0 entity chunks, 0 poi chunks in world 'world_nether' in 0.00s
[22:19:22] [Server thread/INFO]: [ChunkHolderManager] Waiting 60s for chunk I/O to halt for world 'world_nether'
[22:19:22] [Server thread/INFO]: [ChunkHolderManager] Halted I/O scheduler for world 'world_nether'
[22:19:22] [Server thread/INFO]: Saving chunks for level 'ServerLevel[world_the_end]'/minecraft:the_end
[22:19:22] [Server thread/INFO]: [ChunkHolderManager] Waiting 60s for chunk system to halt for world 'world_the_end'
[22:19:22] [Server thread/INFO]: [ChunkHolderManager] Halted chunk system for world 'world_the_end'
[22:19:22] [Server thread/INFO]: [ChunkHolderManager] Saving all chunkholders for world 'world_the_end'
[22:19:22] [Server thread/INFO]: [ChunkHolderManager] Saved 0 block chunks, 0 entity chunks, 0 poi chunks in world 'world_the_end' in 0.00s
[22:19:22] [Server thread/INFO]: [ChunkHolderManager] Waiting 60s for chunk I/O to halt for world 'world_the_end'
[22:19:22] [Server thread/INFO]: [ChunkHolderManager] Halted I/O scheduler for world 'world_the_end'
[22:19:22] [Server thread/INFO]: Saving chunks for level 'ServerLevel[Plots]'/minecraft:plots
[22:19:22] [Server thread/INFO]: [ChunkHolderManager] Waiting 60s for chunk system to halt for world 'Plots'
[22:19:22] [Server thread/INFO]: [ChunkHolderManager] Halted chunk system for world 'Plots'
[22:19:22] [Server thread/INFO]: [ChunkHolderManager] Saving all chunkholders for world 'Plots'
[22:19:22] [Server thread/INFO]: [ChunkHolderManager] Saved 0 block chunks, 0 entity chunks, 0 poi chunks in world 'Plots' in 0.00s
[22:19:22] [Server thread/INFO]: [ChunkHolderManager] Waiting 60s for chunk I/O to halt for world 'Plots'
[22:19:22] [Server thread/INFO]: [ChunkHolderManager] Halted I/O scheduler for world 'Plots'
[22:19:22] [Server thread/INFO]: Saving chunks for level 'ServerLevel[gimu]'/minecraft:gimu
[22:19:22] [Server thread/INFO]: [ChunkHolderManager] Waiting 60s for chunk system to halt for world 'gimu'
[22:19:22] [Server thread/INFO]: [ChunkHolderManager] Halted chunk system for world 'gimu'
[22:19:22] [Server thread/INFO]: [ChunkHolderManager] Saving all chunkholders for world 'gimu'
[22:19:22] [Server thread/INFO]: [ChunkHolderManager] Saved 0 block chunks, 0 entity chunks, 0 poi chunks in world 'gimu' in 0.00s
[22:19:22] [Server thread/INFO]: [ChunkHolderManager] Waiting 60s for chunk I/O to halt for world 'gimu'
[22:19:22] [Server thread/INFO]: [ChunkHolderManager] Halted I/O scheduler for world 'gimu'
[22:19:22] [Server thread/INFO]: Saving chunks for level 'ServerLevel[BigPlots]'/minecraft:bigplots
[22:19:22] [Server thread/INFO]: [ChunkHolderManager] Waiting 60s for chunk system to halt for world 'BigPlots'
[22:19:22] [Server thread/INFO]: [ChunkHolderManager] Halted chunk system for world 'BigPlots'
[22:19:22] [Server thread/INFO]: [ChunkHolderManager] Saving all chunkholders for world 'BigPlots'
[22:19:22] [Server thread/INFO]: [ChunkHolderManager] Saved 0 block chunks, 0 entity chunks, 0 poi chunks in world 'BigPlots' in 0.00s
[22:19:22] [Server thread/INFO]: [ChunkHolderManager] Waiting 60s for chunk I/O to halt for world 'BigPlots'
[22:19:22] [Server thread/INFO]: [ChunkHolderManager] Halted I/O scheduler for world 'BigPlots'
[22:19:22] [Server thread/INFO]: Saving chunks for level 'ServerLevel[speedrun]'/minecraft:speedrun
[22:19:22] [Server thread/INFO]: [ChunkHolderManager] Waiting 60s for chunk system to halt for world 'speedrun'
[22:19:22] [Server thread/INFO]: [ChunkHolderManager] Halted chunk system for world 'speedrun'
[22:19:22] [Server thread/INFO]: [ChunkHolderManager] Saving all chunkholders for world 'speedrun'
[22:19:22] [Server thread/INFO]: [ChunkHolderManager] Saved 0 block chunks, 0 entity chunks, 0 poi chunks in world 'speedrun' in 0.00s
[22:19:22] [Server thread/INFO]: [ChunkHolderManager] Waiting 60s for chunk I/O to halt for world 'speedrun'
[22:19:22] [Server thread/INFO]: [ChunkHolderManager] Halted I/O scheduler for world 'speedrun'
[22:19:22] [Server thread/INFO]: Saving chunks for level 'ServerLevel[OneBlock]'/minecraft:oneblock
[22:19:22] [Server thread/INFO]: [ChunkHolderManager] Waiting 60s for chunk system to halt for world 'OneBlock'
[22:19:22] [Server thread/INFO]: [ChunkHolderManager] Halted chunk system for world 'OneBlock'
[22:19:22] [Server thread/INFO]: [ChunkHolderManager] Saving all chunkholders for world 'OneBlock'
[22:19:22] [Server thread/INFO]: [ChunkHolderManager] Saved 0 block chunks, 0 entity chunks, 0 poi chunks in world 'OneBlock' in 0.00s
[22:19:22] [Server thread/INFO]: [ChunkHolderManager] Waiting 60s for chunk I/O to halt for world 'OneBlock'
[22:19:22] [Server thread/INFO]: [ChunkHolderManager] Halted I/O scheduler for world 'OneBlock'
[22:19:22] [Server thread/INFO]: ThreadedAnvilChunkStorage (world): All chunks are saved
[22:19:22] [Server thread/INFO]: ThreadedAnvilChunkStorage (DIM-1): All chunks are saved
[22:19:22] [Server thread/INFO]: ThreadedAnvilChunkStorage (DIM1): All chunks are saved
[22:19:22] [Server thread/INFO]: ThreadedAnvilChunkStorage (Plots): All chunks are saved
[22:19:22] [Server thread/INFO]: ThreadedAnvilChunkStorage (gimu): All chunks are saved
[22:19:22] [Server thread/INFO]: ThreadedAnvilChunkStorage (BigPlots): All chunks are saved
[22:19:22] [Server thread/INFO]: ThreadedAnvilChunkStorage (speedrun): All chunks are saved
[22:19:22] [Server thread/INFO]: ThreadedAnvilChunkStorage (OneBlock): All chunks are saved
[22:19:22] [Server thread/INFO]: ThreadedAnvilChunkStorage: All dimensions are saved
[22:19:22] [Server thread/INFO]: Waiting for all RegionFile I/O tasks to complete...
[22:19:22] [Server thread/INFO]: All RegionFile I/O tasks to complete
[22:19:22] [Server thread/INFO]: [MoonriseCommon] Awaiting termination of worker pool for up to 60s...
[22:19:22] [Server thread/INFO]: [MoonriseCommon] Awaiting termination of I/O pool for up to 60s...
