[19:02:30] [main/INFO] [com.velocitypowered.proxy.VelocityServer]: Booting up Velocity 3.5.0-SNAPSHOT (git-7e01491e)...
[19:02:30] [main/INFO] [com.velocitypowered.proxy.network.ConnectionManager]: Connections will use epoll channels, libdeflate (Linux x86_64) compression, OpenSSL 3.x.x (Linux x86_64) ciphers
[19:02:30] [main/WARN] [com.velocitypowered.proxy.config.VelocityConfiguration]: The proxy is running in offline mode! This is a security risk and you will NOT receive any support!
[19:02:30] [main/INFO] [com.velocitypowered.proxy.config.VelocityConfiguration]: Unable to load your server-icon.png, continuing without it.
java.lang.IllegalArgumentException: Image is not 64x64 (found 64x68)
	at com.google.common.base.Preconditions.checkArgument(Preconditions.java:301)
	at com.velocitypowered.api.util.Favicon.create(Favicon.java:82)
	at com.velocitypowered.api.util.Favicon.create(Favicon.java:107)
	at com.velocitypowered.proxy.config.VelocityConfiguration.loadFavicon(VelocityConfiguration.java:249)
	at com.velocitypowered.proxy.config.VelocityConfiguration.validate(VelocityConfiguration.java:240)
	at com.velocitypowered.proxy.VelocityServer.doStartupConfigLoad(VelocityServer.java:406)
	at com.velocitypowered.proxy.VelocityServer.start(VelocityServer.java:290)
	at com.velocitypowered.proxy.Velocity.main(Velocity.java:71)
[19:02:31] [main/INFO] [com.velocitypowered.proxy.VelocityServer]: Loading localizations...
[19:02:31] [main/INFO] [com.velocitypowered.proxy.VelocityServer]: Loading plugins...
[19:02:31] [main/ERROR] [com.velocitypowered.proxy.plugin.VelocityPluginManager]: Unable to load plugin plugins/EaglerXSupervisor.jar
com.velocitypowered.api.plugin.InvalidPluginException: Did not find a valid velocity-plugin.json.
	at com.velocitypowered.proxy.plugin.loader.java.JavaPluginLoader.loadCandidate(JavaPluginLoader.java:65)
	at com.velocitypowered.proxy.plugin.VelocityPluginManager.loadPlugins(VelocityPluginManager.java:101)
	at com.velocitypowered.proxy.VelocityServer.loadPlugins(VelocityServer.java:436)
	at com.velocitypowered.proxy.VelocityServer.start(VelocityServer.java:307)
	at com.velocitypowered.proxy.Velocity.main(Velocity.java:71)
[19:02:31] [main/INFO] [eaglerxserver]: Loading EaglercraftXServer 1.0.8...
[19:02:31] [main/INFO] [eaglerxserver]: (Platform: Velocity)
[19:02:31] [main/INFO] [eaglerxserver]: Server Name: "EaglercraftXServer"
[19:02:31] [main/INFO] [com.velocitypowered.proxy.plugin.VelocityPluginManager]: Loaded plugin eaglerxserver 1.0.8 by lax1dude
[19:02:31] [main/INFO] [com.velocitypowered.proxy.plugin.VelocityPluginManager]: Loaded plugin eaglerweb 1.0.0 by lax1dude
[19:02:31] [main/INFO] [com.velocitypowered.proxy.plugin.VelocityPluginManager]: Loaded plugin eaglerxrewind-1-5 1.0.2 by lax1dude, ayunami2000
[19:02:32] [main/INFO] [com.velocitypowered.proxy.plugin.VelocityPluginManager]: Loaded plugin nlogin 10.4.23 by NickUC
[19:02:32] [main/INFO] [com.velocitypowered.proxy.plugin.VelocityPluginManager]: Loaded plugin viaversion 5.7.1 by _MylesC, creeper123123321, Gerrygames, kennytv, Matsv, EnZaXD, RK_01
[19:02:32] [main/INFO] [com.velocitypowered.proxy.plugin.VelocityPluginManager]: Loaded plugin viabackwards 5.7.1 by Matsv, kennytv, Gerrygames, creeper123123321, ForceUpdate1, EnZaXD
[19:02:32] [main/INFO] [com.velocitypowered.proxy.VelocityServer]: Loaded 7 plugins
[19:02:32] [EaglercraftXServer - Task Executor #0/WARN] [com.velocitypowered.proxy.network.ConnectionManager]: The server channel initializer has been replaced by java.base/jdk.internal.reflect.DirectMethodHandleAccessor.invoke(DirectMethodHandleAccessor.java:104)
[19:02:32] [EaglercraftXServer - Task Executor #0/INFO] [eaglerxserver]: Enabling EaglercraftXServer 1.0.8...
[19:02:32] [EaglercraftXServer - Task Executor #0/INFO] [eaglerxserver]: Connecting to skin cache database "jdbc:sqlite:eagler_skins_cache.db"...
[19:02:32] [EaglercraftXServer - Task Executor #0/INFO] [eaglerxserver]: Connected to skin cache database successfully!
[19:02:32] [EaglercraftXServer - Task Executor #0/INFO] [eaglerweb]: Loading config files...
[19:02:32] [EaglercraftXServer - Task Executor #0/INFO] [eaglerweb]: Indexing pages, please wait...
[19:02:32] [EaglercraftXServer - Task Executor #0/INFO] [eaglerweb]: Indexed 12 pages total!
[19:02:32] [EaglercraftXServer - Task Executor #0/INFO] [eaglerxrewind-1-5]: EaglerXRewind protocol for Eaglercraft 1.5.2 has been registered
[19:02:33] [Netty epoll Worker #0/INFO] [eaglerxserver]: You are running the latest version of EaglerXServer
[19:02:33] [EaglercraftXServer - Task Executor #0/INFO] [nlogin]: Successful plugin core start (took 0.67s)
[19:02:33] [EaglercraftXServer - Task Executor #0/INFO] [com.velocitypowered.proxy.console.VelocityConsole]:           __             _       
[19:02:33] [EaglercraftXServer - Task Executor #0/INFO] [com.velocitypowered.proxy.console.VelocityConsole]:   _ __   / /  ___   __ _(_)_ __  
[19:02:33] [EaglercraftXServer - Task Executor #0/INFO] [com.velocitypowered.proxy.console.VelocityConsole]:  | '_ \ / /  / _ \ / _` | | '_ \ 
[19:02:33] [EaglercraftXServer - Task Executor #0/INFO] [com.velocitypowered.proxy.console.VelocityConsole]:  | | | / /__| (_) | (_| | | | | |
[19:02:33] [EaglercraftXServer - Task Executor #0/INFO] [com.velocitypowered.proxy.console.VelocityConsole]:  |_| |_\____/\___/ \__, |_|_| |_|
[19:02:33] [EaglercraftXServer - Task Executor #0/INFO] [com.velocitypowered.proxy.console.VelocityConsole]:                   |___/            
[19:02:33] [EaglercraftXServer - Task Executor #0/INFO] [com.velocitypowered.proxy.console.VelocityConsole]:  By: www.nickuc.com - V 10.4.23
[19:02:33] [EaglercraftXServer - Task Executor #0/INFO] [com.velocitypowered.proxy.console.VelocityConsole]:  
[19:02:34] [Via-Mappingloader-1/INFO] [viaversion]: Loading block connection mappings ...
[19:02:35] [EaglercraftXServer - Task Executor #0/INFO] [viaversion]: Replacing channel initializers; you can safely ignore the following two warnings.
[19:02:35] [EaglercraftXServer - Task Executor #0/WARN] [com.velocitypowered.proxy.network.ConnectionManager]: The server channel initializer has been replaced by java.base/jdk.internal.reflect.DirectMethodHandleAccessor.invoke(DirectMethodHandleAccessor.java:104)
[19:02:35] [EaglercraftXServer - Task Executor #0/WARN] [com.velocitypowered.proxy.network.ConnectionManager]: The backend channel initializer has been replaced by java.base/jdk.internal.reflect.DirectMethodHandleAccessor.invoke(DirectMethodHandleAccessor.java:104)
[19:02:35] [EaglercraftXServer - Task Executor #0/INFO] [viabackwards]: Loading translations...
[19:02:35] [EaglercraftXServer - Task Executor #0/INFO] [viabackwards]: Registering protocols...
[19:02:35] [EaglercraftXServer - Task Executor #0/INFO] [viaversion]: ViaVersion detected lowest supported version by the proxy: 1.7.2-1.7.5 (4)
[19:02:35] [EaglercraftXServer - Task Executor #0/INFO] [viaversion]: Highest supported version by the proxy: 1.21.11 (774)
[19:02:35] [ViaVersion - Task Executor #2/INFO] [viaversion]: Finished mapping loading, shutting down loader executor.
[19:02:35] [main/INFO] [com.velocitypowered.proxy.Velocity]: Done (5.78s)!
[19:02:35] [Netty epoll Boss #0/INFO] [eaglerxserver]: Listener "listener0" injected into channel [id: 0x990f97f8, L:/[0:0:0:0:0:0:0:0]:25567] successfully (Velocity method)
[19:02:35] [Netty epoll Boss #0/INFO] [com.velocitypowered.proxy.network.ConnectionManager]: Listening on /[0:0:0:0:0:0:0:0]:25567
[19:02:35] [ViaVersion - Task Executor #0/WARN] [viaversion]: There is a newer plugin version available: 5.7.2, you're on: 5.7.1
[19:02:39] [nLogin - Task Executor #0/INFO] [com.velocitypowered.proxy.console.VelocityConsole]: 
[19:02:39] [nLogin - Task Executor #0/INFO] [com.velocitypowered.proxy.console.VelocityConsole]:  Thank you so much for choosing nLogin! <3
[19:02:39] [nLogin - Task Executor #0/INFO] [com.velocitypowered.proxy.console.VelocityConsole]: 
[19:02:39] [nLogin - Task Executor #0/INFO] [com.velocitypowered.proxy.console.VelocityConsole]:  For your safety, please read the message below:
[19:02:39] [nLogin - Task Executor #0/INFO] [com.velocitypowered.proxy.console.VelocityConsole]:   Never download nLogin from unknown sources.
[19:02:39] [nLogin - Task Executor #0/INFO] [com.velocitypowered.proxy.console.VelocityConsole]:   A modified version may contain malicious software.
[19:02:39] [nLogin - Task Executor #0/INFO] [com.velocitypowered.proxy.console.VelocityConsole]: 
[19:02:39] [nLogin - Task Executor #0/INFO] [com.velocitypowered.proxy.console.VelocityConsole]:  Trusted sources:
[19:02:39] [nLogin - Task Executor #0/INFO] [com.velocitypowered.proxy.console.VelocityConsole]:   www.nickuc.com
[19:02:39] [nLogin - Task Executor #0/INFO] [com.velocitypowered.proxy.console.VelocityConsole]:   www.github.com/nickuc
[19:02:39] [nLogin - Task Executor #0/INFO] [com.velocitypowered.proxy.console.VelocityConsole]:   OpeNLogin installer (from Spigot or GitHub)
[19:02:39] [nLogin - Task Executor #0/INFO] [com.velocitypowered.proxy.console.VelocityConsole]: 
[19:02:39] [nLogin - Task Executor #0/INFO] [com.velocitypowered.proxy.console.VelocityConsole]:  Official support channels:
[19:02:39] [nLogin - Task Executor #0/INFO] [com.velocitypowered.proxy.console.VelocityConsole]:   Discord group: www.nickuc.com/discord
[19:02:39] [nLogin - Task Executor #0/INFO] [com.velocitypowered.proxy.console.VelocityConsole]:   Documentation: docs.nickuc.com/nlogin/
[19:02:39] [nLogin - Task Executor #0/INFO] [com.velocitypowered.proxy.console.VelocityConsole]:   Email: support@nickuc.com
[19:02:39] [nLogin - Task Executor #0/INFO] [com.velocitypowered.proxy.console.VelocityConsole]:   YouTube: youtube.com/nickuc
[19:02:39] [nLogin - Task Executor #0/INFO] [com.velocitypowered.proxy.console.VelocityConsole]: 
[19:02:39] [nLogin - Task Executor #0/INFO] [com.velocitypowered.proxy.console.VelocityConsole]:  To remove this warning, log in with "nlogin.admin" permission on the server
[19:02:39] [nLogin - Task Executor #0/INFO] [com.velocitypowered.proxy.console.VelocityConsole]:  and click the "Setup plugin" button to configure your plugin.
[19:02:39] [nLogin - Task Executor #0/INFO] [com.velocitypowered.proxy.console.VelocityConsole]: 
